Archive member included to satisfy reference by file (symbol)

C:/ST/STM32CubeIDE_1.13.0/STM32CubeIDE/plugins/com.st.stm32cube.ide.mcu.externaltools.gnu-tools-for-stm32.11.3.rel1.win32_1.1.0.202305231506/tools/bin/../lib/gcc/arm-none-eabi/11.3.1/../../../../arm-none-eabi/lib/thumb/v7e-m+dp/hard\libc_nano.a(libc_a-exit.o)
                              C:/ST/STM32CubeIDE_1.13.0/STM32CubeIDE/plugins/com.st.stm32cube.ide.mcu.externaltools.gnu-tools-for-stm32.11.3.rel1.win32_1.1.0.202305231506/tools/bin/../lib/gcc/arm-none-eabi/11.3.1/../../../../arm-none-eabi/lib/thumb/v7e-m+dp/hard/crt0.o (exit)
C:/ST/STM32CubeIDE_1.13.0/STM32CubeIDE/plugins/com.st.stm32cube.ide.mcu.externaltools.gnu-tools-for-stm32.11.3.rel1.win32_1.1.0.202305231506/tools/bin/../lib/gcc/arm-none-eabi/11.3.1/../../../../arm-none-eabi/lib/thumb/v7e-m+dp/hard\libc_nano.a(libc_a-nano-vfprintf_float.o)
                              (_printf_float)
C:/ST/STM32CubeIDE_1.13.0/STM32CubeIDE/plugins/com.st.stm32cube.ide.mcu.externaltools.gnu-tools-for-stm32.11.3.rel1.win32_1.1.0.202305231506/tools/bin/../lib/gcc/arm-none-eabi/11.3.1/../../../../arm-none-eabi/lib/thumb/v7e-m+dp/hard\libc_nano.a(libc_a-nano-vfprintf_i.o)
                              C:/ST/STM32CubeIDE_1.13.0/STM32CubeIDE/plugins/com.st.stm32cube.ide.mcu.externaltools.gnu-tools-for-stm32.11.3.rel1.win32_1.1.0.202305231506/tools/bin/../lib/gcc/arm-none-eabi/11.3.1/../../../../arm-none-eabi/lib/thumb/v7e-m+dp/hard\libc_nano.a(libc_a-nano-vfprintf_float.o) (_printf_common)
C:/ST/STM32CubeIDE_1.13.0/STM32CubeIDE/plugins/com.st.stm32cube.ide.mcu.externaltools.gnu-tools-for-stm32.11.3.rel1.win32_1.1.0.202305231506/tools/bin/../lib/gcc/arm-none-eabi/11.3.1/../../../../arm-none-eabi/lib/thumb/v7e-m+dp/hard\libc_nano.a(libc_a-findfp.o)
                              C:/ST/STM32CubeIDE_1.13.0/STM32CubeIDE/plugins/com.st.stm32cube.ide.mcu.externaltools.gnu-tools-for-stm32.11.3.rel1.win32_1.1.0.202305231506/tools/bin/../lib/gcc/arm-none-eabi/11.3.1/../../../../arm-none-eabi/lib/thumb/v7e-m+dp/hard\libc_nano.a(libc_a-exit.o) (__stdio_exit_handler)
C:/ST/STM32CubeIDE_1.13.0/STM32CubeIDE/plugins/com.st.stm32cube.ide.mcu.externaltools.gnu-tools-for-stm32.11.3.rel1.win32_1.1.0.202305231506/tools/bin/../lib/gcc/arm-none-eabi/11.3.1/../../../../arm-none-eabi/lib/thumb/v7e-m+dp/hard\libc_nano.a(libc_a-fwalk.o)
                              C:/ST/STM32CubeIDE_1.13.0/STM32CubeIDE/plugins/com.st.stm32cube.ide.mcu.externaltools.gnu-tools-for-stm32.11.3.rel1.win32_1.1.0.202305231506/tools/bin/../lib/gcc/arm-none-eabi/11.3.1/../../../../arm-none-eabi/lib/thumb/v7e-m+dp/hard\libc_nano.a(libc_a-findfp.o) (_fwalk_sglue)
C:/ST/STM32CubeIDE_1.13.0/STM32CubeIDE/plugins/com.st.stm32cube.ide.mcu.externaltools.gnu-tools-for-stm32.11.3.rel1.win32_1.1.0.202305231506/tools/bin/../lib/gcc/arm-none-eabi/11.3.1/../../../../arm-none-eabi/lib/thumb/v7e-m+dp/hard\libc_nano.a(libc_a-snprintf.o)
                              ./Core/Src/main.o (snprintf)
C:/ST/STM32CubeIDE_1.13.0/STM32CubeIDE/plugins/com.st.stm32cube.ide.mcu.externaltools.gnu-tools-for-stm32.11.3.rel1.win32_1.1.0.202305231506/tools/bin/../lib/gcc/arm-none-eabi/11.3.1/../../../../arm-none-eabi/lib/thumb/v7e-m+dp/hard\libc_nano.a(libc_a-sprintf.o)
                              ./Core/Src/main.o (sprintf)
C:/ST/STM32CubeIDE_1.13.0/STM32CubeIDE/plugins/com.st.stm32cube.ide.mcu.externaltools.gnu-tools-for-stm32.11.3.rel1.win32_1.1.0.202305231506/tools/bin/../lib/gcc/arm-none-eabi/11.3.1/../../../../arm-none-eabi/lib/thumb/v7e-m+dp/hard\libc_nano.a(libc_a-stdio.o)
                              C:/ST/STM32CubeIDE_1.13.0/STM32CubeIDE/plugins/com.st.stm32cube.ide.mcu.externaltools.gnu-tools-for-stm32.11.3.rel1.win32_1.1.0.202305231506/tools/bin/../lib/gcc/arm-none-eabi/11.3.1/../../../../arm-none-eabi/lib/thumb/v7e-m+dp/hard\libc_nano.a(libc_a-findfp.o) (__sread)
C:/ST/STM32CubeIDE_1.13.0/STM32CubeIDE/plugins/com.st.stm32cube.ide.mcu.externaltools.gnu-tools-for-stm32.11.3.rel1.win32_1.1.0.202305231506/tools/bin/../lib/gcc/arm-none-eabi/11.3.1/../../../../arm-none-eabi/lib/thumb/v7e-m+dp/hard\libc_nano.a(libc_a-memset.o)
                              C:/ST/STM32CubeIDE_1.13.0/STM32CubeIDE/plugins/com.st.stm32cube.ide.mcu.externaltools.gnu-tools-for-stm32.11.3.rel1.win32_1.1.0.202305231506/tools/bin/../lib/gcc/arm-none-eabi/11.3.1/../../../../arm-none-eabi/lib/thumb/v7e-m+dp/hard/crt0.o (memset)
C:/ST/STM32CubeIDE_1.13.0/STM32CubeIDE/plugins/com.st.stm32cube.ide.mcu.externaltools.gnu-tools-for-stm32.11.3.rel1.win32_1.1.0.202305231506/tools/bin/../lib/gcc/arm-none-eabi/11.3.1/../../../../arm-none-eabi/lib/thumb/v7e-m+dp/hard\libc_nano.a(libc_a-localeconv.o)
                              C:/ST/STM32CubeIDE_1.13.0/STM32CubeIDE/plugins/com.st.stm32cube.ide.mcu.externaltools.gnu-tools-for-stm32.11.3.rel1.win32_1.1.0.202305231506/tools/bin/../lib/gcc/arm-none-eabi/11.3.1/../../../../arm-none-eabi/lib/thumb/v7e-m+dp/hard\libc_nano.a(libc_a-nano-vfprintf_float.o) (_localeconv_r)
[...]
Memory Configuration

Name             Origin             Length             Attributes
RAM              0x0000000020000000 0x0000000000080000 xrw
FLASH            0x0000000008000000 0x0000000000200000 xr
*default*        0x0000000000000000 0xffffffffffffffff

Linker script and memory map

LOAD C:/ST/STM32CubeIDE_1.13.0/STM32CubeIDE/plugins/com.st.stm32cube.ide.mcu.externaltools.gnu-tools-for-stm32.11.3.rel1.win32_1.1.0.202305231506/tools/bin/../lib/gcc/arm-none-eabi/11.3.1/thumb/v7e-m+dp/hard/crti.o
LOAD C:/ST/STM32CubeIDE_1.13.0/STM32CubeIDE/plugins/com.st.stm32cube.ide.mcu.externaltools.gnu-tools-for-stm32.11.3.rel1.win32_1.1.0.202305231506/tools/bin/../lib/gcc/arm-none-eabi/11.3.1/thumb/v7e-m+dp/hard/crtbegin.o
LOAD C:/ST/STM32CubeIDE_1.13.0/STM32CubeIDE/plugins/com.st.stm32cube.ide.mcu.externaltools.gnu-tools-for-stm32.11.3.rel1.win32_1.1.0.202305231506/tools/bin/../lib/gcc/arm-none-eabi/11.3.1/../../../../arm-none-eabi/lib/thumb/v7e-m+dp/hard/crt0.o
LOAD ./Core/Src/DFPLAYER_MINI.o
LOAD ./Core/Src/ds3231_for_stm32_hal.o
LOAD ./Core/Src/gpio.o
LOAD ./Core/Src/i2c.o
LOAD ./Core/Src/main.o
LOAD ./Core/Src/rng.o
LOAD ./Core/Src/spi.o
LOAD ./Core/Src/stm32f7xx_hal_msp.o
LOAD ./Core/Src/stm32f7xx_it.o
LOAD ./Core/Src/syscalls.o
LOAD ./Core/Src/sysmem.o
LOAD ./Core/Src/system_stm32f7xx.o
LOAD ./Core/Src/tim.o
LOAD ./Core/Src/usart.o
LOAD ./Core/Startup/startup_stm32f767zitx.o
LOAD ./Drivers/ILI9341/ILI9341_GFX.o
LOAD ./Drivers/ILI9341/ILI9341_STM32_Driver.o
LOAD ./Drivers/ILI9341/ILI9341_Touchscreen.o
LOAD ./Drivers/STM32F7xx_HAL_Driver/Src/stm32f7xx_hal.o
LOAD ./Drivers/STM32F7xx_HAL_Driver/Src/stm32f7xx_hal_cortex.o
LOAD ./Drivers/STM32F7xx_HAL_Driver/Src/stm32f7xx_hal_dma.o
LOAD ./Drivers/STM32F7xx_HAL_Driver/Src/stm32f7xx_hal_dma_ex.o
LOAD ./Drivers/STM32F7xx_HAL_Driver/Src/stm32f7xx_hal_exti.o
LOAD ./Drivers/STM32F7xx_HAL_Driver/Src/stm32f7xx_hal_flash.o
LOAD ./Drivers/STM32F7xx_HAL_Driver/Src/stm32f7xx_hal_flash_ex.o
LOAD ./Drivers/STM32F7xx_HAL_Driver/Src/stm32f7xx_hal_gpio.o
LOAD ./Drivers/STM32F7xx_HAL_Driver/Src/stm32f7xx_hal_i2c.o
LOAD ./Drivers/STM32F7xx_HAL_Driver/Src/stm32f7xx_hal_i2c_ex.o
LOAD ./Drivers/STM32F7xx_HAL_Driver/Src/stm32f7xx_hal_pwr.o
LOAD ./Drivers/STM32F7xx_HAL_Driver/Src/stm32f7xx_hal_pwr_ex.o
LOAD ./Drivers/STM32F7xx_HAL_Driver/Src/stm32f7xx_hal_rcc.o
LOAD ./Drivers/STM32F7xx_HAL_Driver/Src/stm32f7xx_hal_rcc_ex.o
LOAD ./Drivers/STM32F7xx_HAL_Driver/Src/stm32f7xx_hal_rng.o
LOAD ./Drivers/STM32F7xx_HAL_Driver/Src/stm32f7xx_hal_spi.o
LOAD ./Drivers/STM32F7xx_HAL_Driver/Src/stm32f7xx_hal_spi_ex.o
LOAD ./Drivers/STM32F7xx_HAL_Driver/Src/stm32f7xx_hal_tim.o
LOAD ./Drivers/STM32F7xx_HAL_Driver/Src/stm32f7xx_hal_tim_ex.o
LOAD ./Drivers/STM32F7xx_HAL_Driver/Src/stm32f7xx_hal_uart.o
LOAD ./Drivers/STM32F7xx_HAL_Driver/Src/stm32f7xx_hal_uart_ex.o
START GROUP
LOAD C:/ST/STM32CubeIDE_1.13.0/STM32CubeIDE/plugins/com.st.stm32cube.ide.mcu.externaltools.gnu-tools-for-stm32.11.3.rel1.win32_1.1.0.202305231506/tools/bin/../lib/gcc/arm-none-eabi/11.3.1/../../../../arm-none-eabi/lib/thumb/v7e-m+dp/hard\libc_nano.a
LOAD C:/ST/STM32CubeIDE_1.13.0/STM32CubeIDE/plugins/com.st.stm32cube.ide.mcu.externaltools.gnu-tools-for-stm32.11.3.rel1.win32_1.1.0.202305231506/tools/bin/../lib/gcc/arm-none-eabi/11.3.1/../../../../arm-none-eabi/lib/thumb/v7e-m+dp/hard\libm.a
END GROUP
START GROUP
LOAD C:/ST/STM32CubeIDE_1.13.0/STM32CubeIDE/plugins/com.st.stm32cube.ide.mcu.externaltools.gnu-tools-for-stm32.11.3.rel1.win32_1.1.0.202305231506/tools/bin/../lib/gcc/arm-none-eabi/11.3.1/thumb/v7e-m+dp/hard\libgcc.a
LOAD C:/ST/STM32CubeIDE_1.13.0/STM32CubeIDE/plugins/com.st.stm32cube.ide.mcu.externaltools.gnu-tools-for-stm32.11.3.rel1.win32_1.1.0.202305231506/tools/bin/../lib/gcc/arm-none-eabi/11.3.1/../../../../arm-none-eabi/lib/thumb/v7e-m+dp/hard\libc_nano.a
END GROUP
START GROUP
LOAD C:/ST/STM32CubeIDE_1.13.0/STM32CubeIDE/plugins/com.st.stm32cube.ide.mcu.externaltools.gnu-tools-for-stm32.11.3.rel1.win32_1.1.0.202305231506/tools/bin/../lib/gcc/arm-none-eabi/11.3.1/thumb/v7e-m+dp/hard\libgcc.a
LOAD C:/ST/STM32CubeIDE_1.13.0/STM32CubeIDE/plugins/com.st.stm32cube.ide.mcu.externaltools.gnu-tools-for-stm32.11.3.rel1.win32_1.1.0.202305231506/tools/bin/../lib/gcc/arm-none-eabi/11.3.1/../../../../arm-none-eabi/lib/thumb/v7e-m+dp/hard\libc_nano.a
LOAD C:/ST/STM32CubeIDE_1.13.0/STM32CubeIDE/plugins/com.st.stm32cube.ide.mcu.externaltools.gnu-tools-for-stm32.11.3.rel1.win32_1.1.0.202305231506/tools/bin/../lib/gcc/arm-none-eabi/11.3.1/../../../../arm-none-eabi/lib/thumb/v7e-m+dp/hard\libnosys.a
END GROUP
START GROUP
LOAD C:/ST/STM32CubeIDE_1.13.0/STM32CubeIDE/plugins/com.st.stm32cube.ide.mcu.externaltools.gnu-tools-for-stm32.11.3.rel1.win32_1.1.0.202305231506/tools/bin/../lib/gcc/arm-none-eabi/11.3.1/thumb/v7e-m+dp/hard\libgcc.a
LOAD C:/ST/STM32CubeIDE_1.13.0/STM32CubeIDE/plugins/com.st.stm32cube.ide.mcu.externaltools.gnu-tools-for-stm32.11.3.rel1.win32_1.1.0.202305231506/tools/bin/../lib/gcc/arm-none-eabi/11.3.1/../../../../arm-none-eabi/lib/thumb/v7e-m+dp/hard\libc_nano.a
LOAD C:/ST/STM32CubeIDE_1.13.0/STM32CubeIDE/plugins/com.st.stm32cube.ide.mcu.externaltools.gnu-tools-for-stm32.11.3.rel1.win32_1.1.0.202305231506/tools/bin/../lib/gcc/arm-none-eabi/11.3.1/../../../../arm-none-eabi/lib/thumb/v7e-m+dp/hard\libnosys.a
END GROUP
LOAD C:/ST/STM32CubeIDE_1.13.0/STM32CubeIDE/plugins/com.st.stm32cube.ide.mcu.externaltools.gnu-tools-for-stm32.11.3.rel1.win32_1.1.0.202305231506/tools/bin/../lib/gcc/arm-none-eabi/11.3.1/thumb/v7e-m+dp/hard/crtend.o
LOAD C:/ST/STM32CubeIDE_1.13.0/STM32CubeIDE/plugins/com.st.stm32cube.ide.mcu.externaltools.gnu-tools-for-stm32.11.3.rel1.win32_1.1.0.202305231506/tools/bin/../lib/gcc/arm-none-eabi/11.3.1/thumb/v7e-m+dp/hard/crtn.o
                0x0000000020080000                _estack = (ORIGIN (RAM) + LENGTH (RAM))
                0x0000000000000200                _Min_Heap_Size = 0x200
                0x0000000000000400                _Min_Stack_Size = 0x400

.isr_vector     0x0000000008000000      0x1f8
                0x0000000008000000                . = ALIGN (0x4)
 *(.isr_vector)
 .isr_vector    0x0000000008000000      0x1f8 ./Core/Startup/startup_stm32f767zitx.o
                0x0000000008000000                g_pfnVectors
                0x00000000080001f8                . = ALIGN (0x4)

.text           0x0000000008000200     0x95ac
                0x0000000008000200                . = ALIGN (0x4)
 *(.text)
 .text          0x0000000008000200       0x40 C:/ST/STM32CubeIDE_1.13.0/STM32CubeIDE/plugins/com.st.stm32cube.ide.mcu.externaltools.gnu-tools-for-stm32.11.3.rel1.win32_1.1.0.202305231506/tools/bin/../lib/gcc/arm-none-eabi/11.3.1/thumb/v7e-m+dp/hard/crtbegin.o
 .text          0x0000000008000240       0xa0 C:/ST/STM32CubeIDE_1.13.0/STM32CubeIDE/plugins/com.st.stm32cube.ide.mcu.externaltools.gnu-tools-for-stm32.11.3.rel1.win32_1.1.0.202305231506/tools/bin/../lib/gcc/arm-none-eabi/11.3.1/../../../../arm-none-eabi/lib/thumb/v7e-m+dp/hard\libc_nano.a(libc_a-memchr.o)
                0x0000000008000240                memchr
 .text          0x00000000080002e0       0x10 C:/ST/STM32CubeIDE_1.13.0/STM32CubeIDE/plugins/com.st.stm32cube.ide.mcu.externaltools.gnu-tools-for-stm32.11.3.rel1.win32_1.1.0.202305231506/tools/bin/../lib/gcc/arm-none-eabi/11.3.1/../../../../arm-none-eabi/lib/thumb/v7e-m+dp/hard\libc_nano.a(libc_a-strlen.o)
                0x00000000080002e0                strlen
 .text          0x00000000080002f0       0x30 C:/ST/STM32CubeIDE_1.13.0/STM32CubeIDE/plugins/com.st.stm32cube.ide.mcu.externaltools.gnu-tools-for-stm32.11.3.rel1.win32_1.1.0.202305231506/tools/bin/../lib/gcc/arm-none-eabi/11.3.1/thumb/v7e-m+dp/hard\libgcc.a(_aeabi_uldivmod.o)
                0x00000000080002f0                __aeabi_uldivmod
 .text          0x0000000008000320      0x2c8 C:/ST/STM32CubeIDE_1.13.0/STM32CubeIDE/plugins/com.st.stm32cube.ide.mcu.externaltools.gnu-tools-for-stm32.11.3.rel1.win32_1.1.0.202305231506/tools/bin/../lib/gcc/arm-none-eabi/11.3.1/thumb/v7e-m+dp/hard\libgcc.a(_udivmoddi4.o)
                0x0000000008000320                __udivmoddi4
 .text          0x00000000080005e8        0x4 C:/ST/STM32CubeIDE_1.13.0/STM32CubeIDE/plugins/com.st.stm32cube.ide.mcu.externaltools.gnu-tools-for-stm32.11.3.rel1.win32_1.1.0.202305231506/tools/bin/../lib/gcc/arm-none-eabi/11.3.1/thumb/v7e-m+dp/hard\libgcc.a(_dvmd_tls.o)
                0x00000000080005e8                __aeabi_idiv0
                0x00000000080005e8                __aeabi_ldiv0
 *(.text*)
 .text.Send_cmd
                0x00000000080005ec       0x80 ./Core/Src/DFPLAYER_MINI.o
                0x00000000080005ec                Send_cmd
 .text.DF_PlayFromStart
                0x000000000800066c       0x18 ./Core/Src/DFPLAYER_MINI.o
                0x000000000800066c                DF_PlayFromStart
 .text.DF_SetEQ
                0x0000000008000684       0x24 ./Core/Src/DFPLAYER_MINI.o
                0x0000000008000684                DF_SetEQ
 .text.DF_Init  0x00000000080006a8       0x36 ./Core/Src/DFPLAYER_MINI.o
                0x00000000080006a8                DF_Init
 .text.DF_Next  0x00000000080006de       0x18 ./Core/Src/DFPLAYER_MINI.o
                0x00000000080006de                DF_Next
 .text.DF_Pause
                0x00000000080006f6       0x18 ./Core/Src/DFPLAYER_MINI.o
                0x00000000080006f6                DF_Pause
 .text.DF_Previous
                0x000000000800070e       0x18 ./Core/Src/DFPLAYER_MINI.o
                0x000000000800070e                DF_Previous
 .text.DF_Playback
                0x0000000008000726       0x18 ./Core/Src/DFPLAYER_MINI.o
                0x0000000008000726                DF_Playback
 *fill*         0x000000000800073e        0x2 
 .text.Check_Key
                0x0000000008000740       0xb4 ./Core/Src/DFPLAYER_MINI.o
                0x0000000008000740                Check_Key
 .text.DS3231_Init
                0x00000000080007f4       0x34 ./Core/Src/ds3231_for_stm32_hal.o
                0x00000000080007f4                DS3231_Init
 .text.DS3231_SetRegByte
                0x0000000008000828       0x3c ./Core/Src/ds3231_for_stm32_hal.o
                0x0000000008000828                DS3231_SetRegByte
 .text.DS3231_GetRegByte
                0x0000000008000864       0x44 ./Core/Src/ds3231_for_stm32_hal.o
                0x0000000008000864                DS3231_GetRegByte
 .text.DS3231_SetInterruptMode
                0x00000000080008a8       0x40 ./Core/Src/ds3231_for_stm32_hal.o
                0x00000000080008a8                DS3231_SetInterruptMode
 .text.DS3231_SetRateSelect
                0x00000000080008e8       0x40 ./Core/Src/ds3231_for_stm32_hal.o
                0x00000000080008e8                DS3231_SetRateSelect
 .text.DS3231_EnableAlarm2
                0x0000000008000928       0x46 ./Core/Src/ds3231_for_stm32_hal.o
                0x0000000008000928                DS3231_EnableAlarm2
 .text.DS3231_ClearAlarm2Flag
                0x000000000800096e       0x2c ./Core/Src/ds3231_for_stm32_hal.o
                0x000000000800096e                DS3231_ClearAlarm2Flag
 .text.DS3231_EnableAlarm1
                0x000000000800099a       0x44 ./Core/Src/ds3231_for_stm32_hal.o
                0x000000000800099a                DS3231_EnableAlarm1
 .text.DS3231_ClearAlarm1Flag
                0x00000000080009de       0x2c ./Core/Src/ds3231_for_stm32_hal.o
                0x00000000080009de                DS3231_ClearAlarm1Flag
 .text.DS3231_SetAlarm1Second
                0x0000000008000a0a       0x46 ./Core/Src/ds3231_for_stm32_hal.o
                0x0000000008000a0a                DS3231_SetAlarm1Second
 .text.DS3231_SetAlarm1Minute
                0x0000000008000a50       0x46 ./Core/Src/ds3231_for_stm32_hal.o
                0x0000000008000a50                DS3231_SetAlarm1Minute
 .text.DS3231_SetAlarm1Hour
                0x0000000008000a96       0x46 ./Core/Src/ds3231_for_stm32_hal.o
                0x0000000008000a96                DS3231_SetAlarm1Hour
 .text.DS3231_SetAlarm1Mode
                0x0000000008000adc       0xc4 ./Core/Src/ds3231_for_stm32_hal.o
                0x0000000008000adc                DS3231_SetAlarm1Mode
 .text.DS3231_IsAlarm1Triggered
                0x0000000008000ba0       0x16 ./Core/Src/ds3231_for_stm32_hal.o
                0x0000000008000ba0                DS3231_IsAlarm1Triggered
 .text.DS3231_GetDayOfWeek
                0x0000000008000bb6       0x18 ./Core/Src/ds3231_for_stm32_hal.o
                0x0000000008000bb6                DS3231_GetDayOfWeek
 .text.DS3231_GetDate
                0x0000000008000bce       0x18 ./Core/Src/ds3231_for_stm32_hal.o
                0x0000000008000bce                DS3231_GetDate
 .text.DS3231_GetMonth
                0x0000000008000be6       0x1e ./Core/Src/ds3231_for_stm32_hal.o
                0x0000000008000be6                DS3231_GetMonth
 .text.DS3231_GetYear
                0x0000000008000c04       0x52 ./Core/Src/ds3231_for_stm32_hal.o
                0x0000000008000c04                DS3231_GetYear
 .text.DS3231_GetHour
                0x0000000008000c56       0x18 ./Core/Src/ds3231_for_stm32_hal.o
                0x0000000008000c56                DS3231_GetHour
 .text.DS3231_GetMinute
                0x0000000008000c6e       0x18 ./Core/Src/ds3231_for_stm32_hal.o
                0x0000000008000c6e                DS3231_GetMinute
 .text.DS3231_GetSecond
                0x0000000008000c86       0x18 ./Core/Src/ds3231_for_stm32_hal.o
                0x0000000008000c86                DS3231_GetSecond
 .text.DS3231_SetHour
                0x0000000008000c9e       0x2a ./Core/Src/ds3231_for_stm32_hal.o
                0x0000000008000c9e                DS3231_SetHour
 .text.DS3231_SetMinute
                0x0000000008000cc8       0x24 ./Core/Src/ds3231_for_stm32_hal.o
                0x0000000008000cc8                DS3231_SetMinute
 .text.DS3231_SetSecond
                0x0000000008000cec       0x24 ./Core/Src/ds3231_for_stm32_hal.o
                0x0000000008000cec                DS3231_SetSecond
 .text.DS3231_SetFullTime
                0x0000000008000d10       0x32 ./Core/Src/ds3231_for_stm32_hal.o
                0x0000000008000d10                DS3231_SetFullTime
 .text.DS3231_DecodeBCD
                0x0000000008000d42       0x32 ./Core/Src/ds3231_for_stm32_hal.o
                0x0000000008000d42                DS3231_DecodeBCD
 .text.DS3231_EncodeBCD
                0x0000000008000d74       0x44 ./Core/Src/ds3231_for_stm32_hal.o
                0x0000000008000d74                DS3231_EncodeBCD
 .text.MX_GPIO_Init
                0x0000000008000db8      0x284 ./Core/Src/gpio.o
                0x0000000008000db8                MX_GPIO_Init
 .text.MX_I2C1_Init
                0x000000000800103c       0x80 ./Core/Src/i2c.o
                0x000000000800103c                MX_I2C1_Init
 .text.MX_I2C4_Init
                0x00000000080010bc       0x80 ./Core/Src/i2c.o
                0x00000000080010bc                MX_I2C4_Init
 .text.HAL_I2C_MspInit
                0x000000000800113c      0x150 ./Core/Src/i2c.o
                0x000000000800113c                HAL_I2C_MspInit
 .text.SCB_EnableICache
                0x000000000800128c       0x4c ./Core/Src/main.o
 .text.SCB_EnableDCache
                0x00000000080012d8       0x88 ./Core/Src/main.o
 .text.main     0x0000000008001360      0x1a4 ./Core/Src/main.o
                0x0000000008001360                main
 .text.SystemClock_Config
                0x0000000008001504       0xe0 ./Core/Src/main.o
                0x0000000008001504                SystemClock_Config
 .text.CRC16_2  0x00000000080015e4       0x78 ./Core/Src/main.o
                0x00000000080015e4                CRC16_2
 .text.updateSensor
                0x000000000800165c      0x108 ./Core/Src/main.o
                0x000000000800165c                updateSensor
 .text.alarm    0x0000000008001764       0x28 ./Core/Src/main.o
                0x0000000008001764                alarm
 .text.updateT  0x000000000800178c       0x7c ./Core/Src/main.o
                0x000000000800178c                updateT
 .text.showT    0x0000000008001808      0x160 ./Core/Src/main.o
                0x0000000008001808                showT
 .text.Error_Handler
                0x0000000008001968        0x6 ./Core/Src/main.o
                0x0000000008001968                Error_Handler
 *fill*         0x000000000800196e        0x2 
 .text.MX_RNG_Init
                0x0000000008001970       0x28 ./Core/Src/rng.o
                0x0000000008001970                MX_RNG_Init
 .text.HAL_RNG_MspInit
                0x0000000008001998       0x68 ./Core/Src/rng.o
                0x0000000008001998                HAL_RNG_MspInit
 .text.MX_SPI5_Init
                0x0000000008001a00       0x7c ./Core/Src/spi.o
                0x0000000008001a00                MX_SPI5_Init
 .text.HAL_SPI_MspInit
                0x0000000008001a7c       0x88 ./Core/Src/spi.o
                0x0000000008001a7c                HAL_SPI_MspInit
 .text.HAL_MspInit
                0x0000000008001b04       0x48 ./Core/Src/stm32f7xx_hal_msp.o
                0x0000000008001b04                HAL_MspInit
 .text.SysTick_Handler
                0x0000000008001b4c        0xc ./Core/Src/stm32f7xx_it.o
                0x0000000008001b4c                SysTick_Handler
 .text.TIM2_IRQHandler
                0x0000000008001b58       0x20 ./Core/Src/stm32f7xx_it.o
                0x0000000008001b58                TIM2_IRQHandler
 .text.EXTI15_10_IRQHandler
                0x0000000008001b78       0x24 ./Core/Src/stm32f7xx_it.o
                0x0000000008001b78                EXTI15_10_IRQHandler
 .text._getpid  0x0000000008001b9c       0x10 ./Core/Src/syscalls.o
                0x0000000008001b9c                _getpid
 .text._kill    0x0000000008001bac       0x20 ./Core/Src/syscalls.o
                0x0000000008001bac                _kill
 .text._exit    0x0000000008001bcc       0x14 ./Core/Src/syscalls.o
                0x0000000008001bcc                _exit
 .text._read    0x0000000008001be0       0x3a ./Core/Src/syscalls.o
                0x0000000008001be0                _read
 .text._write   0x0000000008001c1a       0x38 ./Core/Src/syscalls.o
                0x0000000008001c1a                _write
 .text._close   0x0000000008001c52       0x18 ./Core/Src/syscalls.o
                0x0000000008001c52                _close
 .text._fstat   0x0000000008001c6a       0x20 ./Core/Src/syscalls.o
                0x0000000008001c6a                _fstat
 .text._isatty  0x0000000008001c8a       0x16 ./Core/Src/syscalls.o
                0x0000000008001c8a                _isatty
 .text._lseek   0x0000000008001ca0       0x1a ./Core/Src/syscalls.o
                0x0000000008001ca0                _lseek
 *fill*         0x0000000008001cba        0x2 
 .text._sbrk    0x0000000008001cbc       0x6c ./Core/Src/sysmem.o
                0x0000000008001cbc                _sbrk
 .text.SystemInit
                0x0000000008001d28       0x6c ./Core/Src/system_stm32f7xx.o
                0x0000000008001d28                SystemInit
 .text.MX_TIM1_Init
                0x0000000008001d94       0xa8 ./Core/Src/tim.o
                0x0000000008001d94                MX_TIM1_Init
 .text.MX_TIM2_Init
                0x0000000008001e3c       0x9c ./Core/Src/tim.o
                0x0000000008001e3c                MX_TIM2_Init
 .text.HAL_TIM_Base_MspInit
                0x0000000008001ed8       0x70 ./Core/Src/tim.o
                0x0000000008001ed8                HAL_TIM_Base_MspInit
 .text.MX_USART3_UART_Init
                0x0000000008001f48       0x60 ./Core/Src/usart.o
                0x0000000008001f48                MX_USART3_UART_Init
 .text.MX_USART6_UART_Init
                0x0000000008001fa8       0x60 ./Core/Src/usart.o
                0x0000000008001fa8                MX_USART6_UART_Init
 .text.HAL_UART_MspInit
                0x0000000008002008      0x14c ./Core/Src/usart.o
                0x0000000008002008                HAL_UART_MspInit
 .text.Reset_Handler
                0x0000000008002154       0x50 ./Core/Startup/startup_stm32f767zitx.o
                0x0000000008002154                Reset_Handler
 .text.Default_Handler
                0x00000000080021a4        0x2 ./Core/Startup/startup_stm32f767zitx.o
                0x00000000080021a4                RTC_Alarm_IRQHandler
                0x00000000080021a4                EXTI2_IRQHandler
                0x00000000080021a4                TIM8_CC_IRQHandler
                0x00000000080021a4                DebugMon_Handler
                0x00000000080021a4                UART8_IRQHandler
                0x00000000080021a4                SPI4_IRQHandler
                0x00000000080021a4                TIM1_CC_IRQHandler
                0x00000000080021a4                DMA2_Stream5_IRQHandler
                0x00000000080021a4                HardFault_Handler
                0x00000000080021a4                JPEG_IRQHandler
                0x00000000080021a4                DMA1_Stream5_IRQHandler
                0x00000000080021a4                CAN3_RX1_IRQHandler
                0x00000000080021a4                PVD_IRQHandler
                0x00000000080021a4                TAMP_STAMP_IRQHandler
                0x00000000080021a4                PendSV_Handler
                0x00000000080021a4                NMI_Handler
                0x00000000080021a4                CAN2_RX1_IRQHandler
                0x00000000080021a4                EXTI3_IRQHandler
                0x00000000080021a4                TIM8_TRG_COM_TIM14_IRQHandler
                0x00000000080021a4                DFSDM1_FLT1_IRQHandler
                0x00000000080021a4                TIM1_UP_TIM10_IRQHandler
                0x00000000080021a4                TIM8_UP_TIM13_IRQHandler
                0x00000000080021a4                I2C3_ER_IRQHandler
                0x00000000080021a4                DFSDM1_FLT2_IRQHandler
                0x00000000080021a4                EXTI0_IRQHandler
                0x00000000080021a4                I2C2_EV_IRQHandler
                0x00000000080021a4                DMA1_Stream2_IRQHandler
                0x00000000080021a4                CAN1_RX0_IRQHandler
                0x00000000080021a4                FPU_IRQHandler
                0x00000000080021a4                OTG_HS_WKUP_IRQHandler
                0x00000000080021a4                CAN3_SCE_IRQHandler
                0x00000000080021a4                UsageFault_Handler
                0x00000000080021a4                LTDC_ER_IRQHandler
                0x00000000080021a4                CAN2_SCE_IRQHandler
                0x00000000080021a4                DMA2_Stream2_IRQHandler
                0x00000000080021a4                SPI1_IRQHandler
                0x00000000080021a4                TIM6_DAC_IRQHandler
                0x00000000080021a4                TIM1_BRK_TIM9_IRQHandler
                0x00000000080021a4                DCMI_IRQHandler
                0x00000000080021a4                CAN2_RX0_IRQHandler
                0x00000000080021a4                DMA2_Stream3_IRQHandler
                0x00000000080021a4                SAI2_IRQHandler
                0x00000000080021a4                DFSDM1_FLT3_IRQHandler
                0x00000000080021a4                USART6_IRQHandler
                0x00000000080021a4                CAN3_RX0_IRQHandler
                0x00000000080021a4                USART3_IRQHandler
                0x00000000080021a4                CAN1_RX1_IRQHandler
                0x00000000080021a4                UART5_IRQHandler
                0x00000000080021a4                DMA2_Stream0_IRQHandler
                0x00000000080021a4                TIM4_IRQHandler
                0x00000000080021a4                QUADSPI_IRQHandler
                0x00000000080021a4                I2C1_EV_IRQHandler
                0x00000000080021a4                DMA1_Stream6_IRQHandler
                0x00000000080021a4                DMA1_Stream1_IRQHandler
                0x00000000080021a4                UART4_IRQHandler
                0x00000000080021a4                TIM3_IRQHandler
                0x00000000080021a4                RCC_IRQHandler
                0x00000000080021a4                TIM8_BRK_TIM12_IRQHandler
                0x00000000080021a4                Default_Handler
                0x00000000080021a4                CEC_IRQHandler
                0x00000000080021a4                ADC_IRQHandler
                0x00000000080021a4                DMA1_Stream7_IRQHandler
                0x00000000080021a4                SPI5_IRQHandler
                0x00000000080021a4                TIM7_IRQHandler
                0x00000000080021a4                SDMMC1_IRQHandler
                0x00000000080021a4                CAN2_TX_IRQHandler
                0x00000000080021a4                TIM5_IRQHandler
                0x00000000080021a4                DMA2_Stream7_IRQHandler
                0x00000000080021a4                I2C3_EV_IRQHandler
                0x00000000080021a4                EXTI9_5_IRQHandler
                0x00000000080021a4                RTC_WKUP_IRQHandler
                0x00000000080021a4                LTDC_IRQHandler
                0x00000000080021a4                ETH_WKUP_IRQHandler
                0x00000000080021a4                SPDIF_RX_IRQHandler
                0x00000000080021a4                SPI2_IRQHandler
                0x00000000080021a4                OTG_HS_EP1_IN_IRQHandler
                0x00000000080021a4                MemManage_Handler
                0x00000000080021a4                DMA1_Stream0_IRQHandler
                0x00000000080021a4                CAN1_TX_IRQHandler
                0x00000000080021a4                SVC_Handler
                0x00000000080021a4                EXTI4_IRQHandler
                0x00000000080021a4                RNG_IRQHandler
                0x00000000080021a4                ETH_IRQHandler
                0x00000000080021a4                OTG_HS_EP1_OUT_IRQHandler
                0x00000000080021a4                WWDG_IRQHandler
                0x00000000080021a4                SPI6_IRQHandler
                0x00000000080021a4                MDIOS_IRQHandler
                0x00000000080021a4                I2C4_EV_IRQHandler
                0x00000000080021a4                CAN3_TX_IRQHandler
                0x00000000080021a4                OTG_FS_WKUP_IRQHandler
                0x00000000080021a4                TIM1_TRG_COM_TIM11_IRQHandler
                0x00000000080021a4                OTG_HS_IRQHandler
                0x00000000080021a4                DMA2D_IRQHandler
                0x00000000080021a4                EXTI1_IRQHandler
                0x00000000080021a4                SDMMC2_IRQHandler
                0x00000000080021a4                UART7_IRQHandler
                0x00000000080021a4                USART2_IRQHandler
                0x00000000080021a4                DFSDM1_FLT0_IRQHandler
                0x00000000080021a4                I2C2_ER_IRQHandler
                0x00000000080021a4                DMA2_Stream1_IRQHandler
                0x00000000080021a4                CAN1_SCE_IRQHandler
                0x00000000080021a4                FLASH_IRQHandler
                0x00000000080021a4                DMA2_Stream4_IRQHandler
                0x00000000080021a4                BusFault_Handler
                0x00000000080021a4                USART1_IRQHandler
                0x00000000080021a4                OTG_FS_IRQHandler
                0x00000000080021a4                SPI3_IRQHandler
                0x00000000080021a4                DMA1_Stream4_IRQHandler
                0x00000000080021a4                I2C1_ER_IRQHandler
                0x00000000080021a4                FMC_IRQHandler
                0x00000000080021a4                LPTIM1_IRQHandler
                0x00000000080021a4                I2C4_ER_IRQHandler
                0x00000000080021a4                DMA2_Stream6_IRQHandler
                0x00000000080021a4                SAI1_IRQHandler
                0x00000000080021a4                DMA1_Stream3_IRQHandler
 *fill*         0x00000000080021a6        0x2 
 .text.ILI9341_Draw_Char
                0x00000000080021a8      0x134 ./Drivers/ILI9341/ILI9341_GFX.o
                0x00000000080021a8                ILI9341_Draw_Char
 .text.ILI9341_Draw_Text
                0x00000000080022dc       0x5e ./Drivers/ILI9341/ILI9341_GFX.o
                0x00000000080022dc                ILI9341_Draw_Text
 *fill*         0x000000000800233a        0x2 
 .text.ILI9341_SPI_Init
                0x000000000800233c       0x20 ./Drivers/ILI9341/ILI9341_STM32_Driver.o
                0x000000000800233c                ILI9341_SPI_Init
 .text.ILI9341_SPI_Send
                0x000000000800235c       0x24 ./Drivers/ILI9341/ILI9341_STM32_Driver.o
                0x000000000800235c                ILI9341_SPI_Send
 .text.ILI9341_Write_Command
                0x0000000008002380       0x44 ./Drivers/ILI9341/ILI9341_STM32_Driver.o
                0x0000000008002380                ILI9341_Write_Command
 .text.ILI9341_Write_Data
                0x00000000080023c4       0x44 ./Drivers/ILI9341/ILI9341_STM32_Driver.o
                0x00000000080023c4                ILI9341_Write_Data
 .text.ILI9341_Set_Address
                0x0000000008002408       0x98 ./Drivers/ILI9341/ILI9341_STM32_Driver.o
                0x0000000008002408                ILI9341_Set_Address
 .text.ILI9341_Reset
                0x00000000080024a0       0x3c ./Drivers/ILI9341/ILI9341_STM32_Driver.o
                0x00000000080024a0                ILI9341_Reset
 .text.ILI9341_Set_Rotation
                0x00000000080024dc       0xa4 ./Drivers/ILI9341/ILI9341_STM32_Driver.o
                0x00000000080024dc                ILI9341_Set_Rotation
 .text.ILI9341_Enable
                0x0000000008002580       0x18 ./Drivers/ILI9341/ILI9341_STM32_Driver.o
                0x0000000008002580                ILI9341_Enable
 .text.ILI9341_Init
                0x0000000008002598      0x21a ./Drivers/ILI9341/ILI9341_STM32_Driver.o
                0x0000000008002598                ILI9341_Init
 *fill*         0x00000000080027b2        0x2 
 .text.ILI9341_Draw_Colour_Burst
                0x00000000080027b4      0x13c ./Drivers/ILI9341/ILI9341_STM32_Driver.o
                0x00000000080027b4                ILI9341_Draw_Colour_Burst
 .text.ILI9341_Fill_Screen
                0x00000000080028f0       0x4c ./Drivers/ILI9341/ILI9341_STM32_Driver.o
                0x00000000080028f0                ILI9341_Fill_Screen
 .text.ILI9341_Draw_Pixel
                0x000000000800293c      0x1b4 ./Drivers/ILI9341/ILI9341_STM32_Driver.o
                0x000000000800293c                ILI9341_Draw_Pixel
 .text.ILI9341_Draw_Rectangle
                0x0000000008002af0       0xb8 ./Drivers/ILI9341/ILI9341_STM32_Driver.o
                0x0000000008002af0                ILI9341_Draw_Rectangle
 .text.HAL_Init
                0x0000000008002ba8       0x2c ./Drivers/STM32F7xx_HAL_Driver/Src/stm32f7xx_hal.o
                0x0000000008002ba8                HAL_Init
 .text.HAL_InitTick
                0x0000000008002bd4       0x60 ./Drivers/STM32F7xx_HAL_Driver/Src/stm32f7xx_hal.o
                0x0000000008002bd4                HAL_InitTick
 .text.HAL_IncTick
                0x0000000008002c34       0x28 ./Drivers/STM32F7xx_HAL_Driver/Src/stm32f7xx_hal.o
                0x0000000008002c34                HAL_IncTick
 .text.HAL_GetTick
                0x0000000008002c5c       0x18 ./Drivers/STM32F7xx_HAL_Driver/Src/stm32f7xx_hal.o
                0x0000000008002c5c                HAL_GetTick
 .text.HAL_Delay
                0x0000000008002c74       0x48 ./Drivers/STM32F7xx_HAL_Driver/Src/stm32f7xx_hal.o
                0x0000000008002c74                HAL_Delay
 .text.__NVIC_SetPriorityGrouping
                0x0000000008002cbc       0x48 ./Drivers/STM32F7xx_HAL_Driver/Src/stm32f7xx_hal_cortex.o
 .text.__NVIC_GetPriorityGrouping
                0x0000000008002d04       0x1c ./Drivers/STM32F7xx_HAL_Driver/Src/stm32f7xx_hal_cortex.o
 .text.__NVIC_EnableIRQ
                0x0000000008002d20       0x3c ./Drivers/STM32F7xx_HAL_Driver/Src/stm32f7xx_hal_cortex.o
 .text.__NVIC_SetPriority
                0x0000000008002d5c       0x54 ./Drivers/STM32F7xx_HAL_Driver/Src/stm32f7xx_hal_cortex.o
 .text.NVIC_EncodePriority
                0x0000000008002db0       0x66 ./Drivers/STM32F7xx_HAL_Driver/Src/stm32f7xx_hal_cortex.o
 *fill*         0x0000000008002e16        0x2 
 .text.SysTick_Config
                0x0000000008002e18       0x44 ./Drivers/STM32F7xx_HAL_Driver/Src/stm32f7xx_hal_cortex.o
 .text.HAL_NVIC_SetPriorityGrouping
                0x0000000008002e5c       0x16 ./Drivers/STM32F7xx_HAL_Driver/Src/stm32f7xx_hal_cortex.o
                0x0000000008002e5c                HAL_NVIC_SetPriorityGrouping
 .text.HAL_NVIC_SetPriority
                0x0000000008002e72       0x38 ./Drivers/STM32F7xx_HAL_Driver/Src/stm32f7xx_hal_cortex.o
                0x0000000008002e72                HAL_NVIC_SetPriority
 .text.HAL_NVIC_EnableIRQ
                0x0000000008002eaa       0x1c ./Drivers/STM32F7xx_HAL_Driver/Src/stm32f7xx_hal_cortex.o
                0x0000000008002eaa                HAL_NVIC_EnableIRQ
 .text.HAL_SYSTICK_Config
                0x0000000008002ec6       0x18 ./Drivers/STM32F7xx_HAL_Driver/Src/stm32f7xx_hal_cortex.o
                0x0000000008002ec6                HAL_SYSTICK_Config
 *fill*         0x0000000008002ede        0x2 
 .text.HAL_GPIO_Init
                0x0000000008002ee0      0x358 ./Drivers/STM32F7xx_HAL_Driver/Src/stm32f7xx_hal_gpio.o
                0x0000000008002ee0                HAL_GPIO_Init
 .text.HAL_GPIO_ReadPin
                0x0000000008003238       0x30 ./Drivers/STM32F7xx_HAL_Driver/Src/stm32f7xx_hal_gpio.o
                0x0000000008003238                HAL_GPIO_ReadPin
 .text.HAL_GPIO_WritePin
                0x0000000008003268       0x32 ./Drivers/STM32F7xx_HAL_Driver/Src/stm32f7xx_hal_gpio.o
                0x0000000008003268                HAL_GPIO_WritePin
 *fill*         0x000000000800329a        0x2 
 .text.HAL_GPIO_EXTI_IRQHandler
                0x000000000800329c       0x30 ./Drivers/STM32F7xx_HAL_Driver/Src/stm32f7xx_hal_gpio.o
                0x000000000800329c                HAL_GPIO_EXTI_IRQHandler
 .text.HAL_GPIO_EXTI_Callback
                0x00000000080032cc       0x16 ./Drivers/STM32F7xx_HAL_Driver/Src/stm32f7xx_hal_gpio.o
                0x00000000080032cc                HAL_GPIO_EXTI_Callback
 *fill*         0x00000000080032e2        0x2 
 .text.HAL_I2C_Init
                0x00000000080032e4      0x120 ./Drivers/STM32F7xx_HAL_Driver/Src/stm32f7xx_hal_i2c.o
                0x00000000080032e4                HAL_I2C_Init
 .text.HAL_I2C_Master_Transmit
                0x0000000008003404      0x1e8 ./Drivers/STM32F7xx_HAL_Driver/Src/stm32f7xx_hal_i2c.o
                0x0000000008003404                HAL_I2C_Master_Transmit
 .text.HAL_I2C_Master_Receive
                0x00000000080035ec      0x1ec ./Drivers/STM32F7xx_HAL_Driver/Src/stm32f7xx_hal_i2c.o
                0x00000000080035ec                HAL_I2C_Master_Receive
 .text.I2C_Flush_TXDR
                0x00000000080037d8       0x48 ./Drivers/STM32F7xx_HAL_Driver/Src/stm32f7xx_hal_i2c.o
 .text.I2C_WaitOnFlagUntilTimeout
                0x0000000008003820       0x80 ./Drivers/STM32F7xx_HAL_Driver/Src/stm32f7xx_hal_i2c.o
 .text.I2C_WaitOnTXISFlagUntilTimeout
                0x00000000080038a0       0x80 ./Drivers/STM32F7xx_HAL_Driver/Src/stm32f7xx_hal_i2c.o
 .text.I2C_WaitOnSTOPFlagUntilTimeout
                0x0000000008003920       0x78 ./Drivers/STM32F7xx_HAL_Driver/Src/stm32f7xx_hal_i2c.o
 .text.I2C_WaitOnRXNEFlagUntilTimeout
                0x0000000008003998       0xf4 ./Drivers/STM32F7xx_HAL_Driver/Src/stm32f7xx_hal_i2c.o
 .text.I2C_IsErrorOccurred
                0x0000000008003a8c      0x1c0 ./Drivers/STM32F7xx_HAL_Driver/Src/stm32f7xx_hal_i2c.o
 .text.I2C_TransferConfig
                0x0000000008003c4c       0x64 ./Drivers/STM32F7xx_HAL_Driver/Src/stm32f7xx_hal_i2c.o
 .text.HAL_I2CEx_ConfigAnalogFilter
                0x0000000008003cb0       0x96 ./Drivers/STM32F7xx_HAL_Driver/Src/stm32f7xx_hal_i2c_ex.o
                0x0000000008003cb0                HAL_I2CEx_ConfigAnalogFilter
 .text.HAL_I2CEx_ConfigDigitalFilter
                0x0000000008003d46       0x98 ./Drivers/STM32F7xx_HAL_Driver/Src/stm32f7xx_hal_i2c_ex.o
                0x0000000008003d46                HAL_I2CEx_ConfigDigitalFilter
 *fill*         0x0000000008003dde        0x2 
 .text.HAL_PWR_EnableBkUpAccess
                0x0000000008003de0       0x20 ./Drivers/STM32F7xx_HAL_Driver/Src/stm32f7xx_hal_pwr.o
                0x0000000008003de0                HAL_PWR_EnableBkUpAccess
 .text.HAL_PWREx_EnableOverDrive
                0x0000000008003e00       0xa0 ./Drivers/STM32F7xx_HAL_Driver/Src/stm32f7xx_hal_pwr_ex.o
                0x0000000008003e00                HAL_PWREx_EnableOverDrive
 .text.HAL_RCC_OscConfig
                0x0000000008003ea0      0x55c ./Drivers/STM32F7xx_HAL_Driver/Src/stm32f7xx_hal_rcc.o
                0x0000000008003ea0                HAL_RCC_OscConfig
 .text.HAL_RCC_ClockConfig
                0x00000000080043fc      0x1d8 ./Drivers/STM32F7xx_HAL_Driver/Src/stm32f7xx_hal_rcc.o
                0x00000000080043fc                HAL_RCC_ClockConfig
 .text.HAL_RCC_GetSysClockFreq
                0x00000000080045d4      0x20c ./Drivers/STM32F7xx_HAL_Driver/Src/stm32f7xx_hal_rcc.o
                0x00000000080045d4                HAL_RCC_GetSysClockFreq
 .text.HAL_RCC_GetHCLKFreq
                0x00000000080047e0       0x18 ./Drivers/STM32F7xx_HAL_Driver/Src/stm32f7xx_hal_rcc.o
                0x00000000080047e0                HAL_RCC_GetHCLKFreq
 .text.HAL_RCC_GetPCLK1Freq
                0x00000000080047f8       0x28 ./Drivers/STM32F7xx_HAL_Driver/Src/stm32f7xx_hal_rcc.o
                0x00000000080047f8                HAL_RCC_GetPCLK1Freq
 .text.HAL_RCC_GetPCLK2Freq
                0x0000000008004820       0x28 ./Drivers/STM32F7xx_HAL_Driver/Src/stm32f7xx_hal_rcc.o
                0x0000000008004820                HAL_RCC_GetPCLK2Freq
 .text.HAL_RCCEx_PeriphCLKConfig
                0x0000000008004848      0x850 ./Drivers/STM32F7xx_HAL_Driver/Src/stm32f7xx_hal_rcc_ex.o
                0x0000000008004848                HAL_RCCEx_PeriphCLKConfig
 .text.HAL_RNG_Init
                0x0000000008005098       0x54 ./Drivers/STM32F7xx_HAL_Driver/Src/stm32f7xx_hal_rng.o
                0x0000000008005098                HAL_RNG_Init
 .text.HAL_SPI_Init
                0x00000000080050ec      0x156 ./Drivers/STM32F7xx_HAL_Driver/Src/stm32f7xx_hal_spi.o
                0x00000000080050ec                HAL_SPI_Init
 .text.HAL_SPI_Transmit
                0x0000000008005242      0x2dc ./Drivers/STM32F7xx_HAL_Driver/Src/stm32f7xx_hal_spi.o
                0x0000000008005242                HAL_SPI_Transmit
 *fill*         0x000000000800551e        0x2 
 .text.SPI_WaitFlagStateUntilTimeout
                0x0000000008005520      0x110 ./Drivers/STM32F7xx_HAL_Driver/Src/stm32f7xx_hal_spi.o
 .text.SPI_WaitFifoStateUntilTimeout
                0x0000000008005630      0x12c ./Drivers/STM32F7xx_HAL_Driver/Src/stm32f7xx_hal_spi.o
 .text.SPI_EndRxTxTransaction
                0x000000000800575c       0xd4 ./Drivers/STM32F7xx_HAL_Driver/Src/stm32f7xx_hal_spi.o
 .text.HAL_TIM_Base_Init
                0x0000000008005830       0xae ./Drivers/STM32F7xx_HAL_Driver/Src/stm32f7xx_hal_tim.o
                0x0000000008005830                HAL_TIM_Base_Init
 *fill*         0x00000000080058de        0x2 
 .text.HAL_TIM_Base_Start_IT
                0x00000000080058e0       0xf0 ./Drivers/STM32F7xx_HAL_Driver/Src/stm32f7xx_hal_tim.o
                0x00000000080058e0                HAL_TIM_Base_Start_IT
 .text.HAL_TIM_IRQHandler
                0x00000000080059d0      0x23e ./Drivers/STM32F7xx_HAL_Driver/Src/stm32f7xx_hal_tim.o
                0x00000000080059d0                HAL_TIM_IRQHandler
 *fill*         0x0000000008005c0e        0x2 
 .text.HAL_TIM_ConfigClockSource
                0x0000000008005c10      0x194 ./Drivers/STM32F7xx_HAL_Driver/Src/stm32f7xx_hal_tim.o
                0x0000000008005c10                HAL_TIM_ConfigClockSource
 .text.HAL_TIM_PeriodElapsedCallback
                0x0000000008005da4       0x14 ./Drivers/STM32F7xx_HAL_Driver/Src/stm32f7xx_hal_tim.o
                0x0000000008005da4                HAL_TIM_PeriodElapsedCallback
 .text.HAL_TIM_OC_DelayElapsedCallback
                0x0000000008005db8       0x14 ./Drivers/STM32F7xx_HAL_Driver/Src/stm32f7xx_hal_tim.o
                0x0000000008005db8                HAL_TIM_OC_DelayElapsedCallback
 .text.HAL_TIM_IC_CaptureCallback
                0x0000000008005dcc       0x14 ./Drivers/STM32F7xx_HAL_Driver/Src/stm32f7xx_hal_tim.o
                0x0000000008005dcc                HAL_TIM_IC_CaptureCallback
 .text.HAL_TIM_PWM_PulseFinishedCallback
                0x0000000008005de0       0x14 ./Drivers/STM32F7xx_HAL_Driver/Src/stm32f7xx_hal_tim.o
                0x0000000008005de0                HAL_TIM_PWM_PulseFinishedCallback
 .text.HAL_TIM_TriggerCallback
                0x0000000008005df4       0x14 ./Drivers/STM32F7xx_HAL_Driver/Src/stm32f7xx_hal_tim.o
                0x0000000008005df4                HAL_TIM_TriggerCallback
 .text.TIM_Base_SetConfig
                0x0000000008005e08      0x140 ./Drivers/STM32F7xx_HAL_Driver/Src/stm32f7xx_hal_tim.o
                0x0000000008005e08                TIM_Base_SetConfig
 .text.TIM_TI1_ConfigInputStage
                0x0000000008005f48       0x5e ./Drivers/STM32F7xx_HAL_Driver/Src/stm32f7xx_hal_tim.o
 .text.TIM_TI2_ConfigInputStage
                0x0000000008005fa6       0x60 ./Drivers/STM32F7xx_HAL_Driver/Src/stm32f7xx_hal_tim.o
 .text.TIM_ITRx_SetConfig
                0x0000000008006006       0x36 ./Drivers/STM32F7xx_HAL_Driver/Src/stm32f7xx_hal_tim.o
 .text.TIM_ETR_SetConfig
                0x000000000800603c       0x40 ./Drivers/STM32F7xx_HAL_Driver/Src/stm32f7xx_hal_tim.o
                0x000000000800603c                TIM_ETR_SetConfig
 .text.HAL_TIMEx_MasterConfigSynchronization
                0x000000000800607c      0x11c ./Drivers/STM32F7xx_HAL_Driver/Src/stm32f7xx_hal_tim_ex.o
                0x000000000800607c                HAL_TIMEx_MasterConfigSynchronization
 .text.HAL_TIMEx_CommutCallback
                0x0000000008006198       0x14 ./Drivers/STM32F7xx_HAL_Driver/Src/stm32f7xx_hal_tim_ex.o
                0x0000000008006198                HAL_TIMEx_CommutCallback
 .text.HAL_TIMEx_BreakCallback
                0x00000000080061ac       0x14 ./Drivers/STM32F7xx_HAL_Driver/Src/stm32f7xx_hal_tim_ex.o
                0x00000000080061ac                HAL_TIMEx_BreakCallback
 .text.HAL_TIMEx_Break2Callback
                0x00000000080061c0       0x14 ./Drivers/STM32F7xx_HAL_Driver/Src/stm32f7xx_hal_tim_ex.o
                0x00000000080061c0                HAL_TIMEx_Break2Callback
 .text.HAL_UART_Init
                0x00000000080061d4       0x9c ./Drivers/STM32F7xx_HAL_Driver/Src/stm32f7xx_hal_uart.o
                0x00000000080061d4                HAL_UART_Init
 .text.HAL_UART_Transmit
                0x0000000008006270      0x106 ./Drivers/STM32F7xx_HAL_Driver/Src/stm32f7xx_hal_uart.o
                0x0000000008006270                HAL_UART_Transmit
 *fill*         0x0000000008006376        0x2 
 .text.UART_SetConfig
                0x0000000008006378      0x4c8 ./Drivers/STM32F7xx_HAL_Driver/Src/stm32f7xx_hal_uart.o
                0x0000000008006378                UART_SetConfig
 .text.UART_AdvFeatureConfig
                0x0000000008006840      0x144 ./Drivers/STM32F7xx_HAL_Driver/Src/stm32f7xx_hal_uart.o
                0x0000000008006840                UART_AdvFeatureConfig
 .text.UART_CheckIdleState
                0x0000000008006984       0x9a ./Drivers/STM32F7xx_HAL_Driver/Src/stm32f7xx_hal_uart.o
                0x0000000008006984                UART_CheckIdleState
 .text.UART_WaitOnFlagUntilTimeout
                0x0000000008006a1e      0x18c ./Drivers/STM32F7xx_HAL_Driver/Src/stm32f7xx_hal_uart.o
                0x0000000008006a1e                UART_WaitOnFlagUntilTimeout
 .text.__cvt    0x0000000008006baa       0xa4 C:/ST/STM32CubeIDE_1.13.0/STM32CubeIDE/plugins/com.st.stm32cube.ide.mcu.externaltools.gnu-tools-for-stm32.11.3.rel1.win32_1.1.0.202305231506/tools/bin/../lib/gcc/arm-none-eabi/11.3.1/../../../../arm-none-eabi/lib/thumb/v7e-m+dp/hard\libc_nano.a(libc_a-nano-vfprintf_float.o)
                0x0000000008006baa                __cvt
 .text.__exponent
                0x0000000008006c4e       0x7c C:/ST/STM32CubeIDE_1.13.0/STM32CubeIDE/plugins/com.st.stm32cube.ide.mcu.externaltools.gnu-tools-for-stm32.11.3.rel1.win32_1.1.0.202305231506/tools/bin/../lib/gcc/arm-none-eabi/11.3.1/../../../../arm-none-eabi/lib/thumb/v7e-m+dp/hard\libc_nano.a(libc_a-nano-vfprintf_float.o)
                0x0000000008006c4e                __exponent
 *fill*         0x0000000008006cca        0x6 
 .text._printf_float
                0x0000000008006cd0      0x434 C:/ST/STM32CubeIDE_1.13.0/STM32CubeIDE/plugins/com.st.stm32cube.ide.mcu.externaltools.gnu-tools-for-stm32.11.3.rel1.win32_1.1.0.202305231506/tools/bin/../lib/gcc/arm-none-eabi/11.3.1/../../../../arm-none-eabi/lib/thumb/v7e-m+dp/hard\libc_nano.a(libc_a-nano-vfprintf_float.o)
                0x0000000008006cd0                _printf_float
 .text._printf_common
                0x0000000008007104       0xda C:/ST/STM32CubeIDE_1.13.0/STM32CubeIDE/plugins/com.st.stm32cube.ide.mcu.externaltools.gnu-tools-for-stm32.11.3.rel1.win32_1.1.0.202305231506/tools/bin/../lib/gcc/arm-none-eabi/11.3.1/../../../../arm-none-eabi/lib/thumb/v7e-m+dp/hard\libc_nano.a(libc_a-nano-vfprintf_i.o)
                0x0000000008007104                _printf_common
 *fill*         0x00000000080071de        0x2 
 .text._printf_i
                0x00000000080071e0      0x244 C:/ST/STM32CubeIDE_1.13.0/STM32CubeIDE/plugins/com.st.stm32cube.ide.mcu.externaltools.gnu-tools-for-stm32.11.3.rel1.win32_1.1.0.202305231506/tools/bin/../lib/gcc/arm-none-eabi/11.3.1/../../../../arm-none-eabi/lib/thumb/v7e-m+dp/hard\libc_nano.a(libc_a-nano-vfprintf_i.o)
                0x00000000080071e0                _printf_i
 .text.std      0x0000000008007424       0x48 C:/ST/STM32CubeIDE_1.13.0/STM32CubeIDE/plugins/com.st.stm32cube.ide.mcu.externaltools.gnu-tools-for-stm32.11.3.rel1.win32_1.1.0.202305231506/tools/bin/../lib/gcc/arm-none-eabi/11.3.1/../../../../arm-none-eabi/lib/thumb/v7e-m+dp/hard\libc_nano.a(libc_a-findfp.o)
 .text.stdio_exit_handler
                0x000000000800746c       0x18 C:/ST/STM32CubeIDE_1.13.0/STM32CubeIDE/plugins/com.st.stm32cube.ide.mcu.externaltools.gnu-tools-for-stm32.11.3.rel1.win32_1.1.0.202305231506/tools/bin/../lib/gcc/arm-none-eabi/11.3.1/../../../../arm-none-eabi/lib/thumb/v7e-m+dp/hard\libc_nano.a(libc_a-findfp.o)
 .text.cleanup_stdio
                0x0000000008007484       0x40 C:/ST/STM32CubeIDE_1.13.0/STM32CubeIDE/plugins/com.st.stm32cube.ide.mcu.externaltools.gnu-tools-for-stm32.11.3.rel1.win32_1.1.0.202305231506/tools/bin/../lib/gcc/arm-none-eabi/11.3.1/../../../../arm-none-eabi/lib/thumb/v7e-m+dp/hard\libc_nano.a(libc_a-findfp.o)
 .text.global_stdio_init.part.0
                0x00000000080074c4       0x3c C:/ST/STM32CubeIDE_1.13.0/STM32CubeIDE/plugins/com.st.stm32cube.ide.mcu.externaltools.gnu-tools-for-stm32.11.3.rel1.win32_1.1.0.202305231506/tools/bin/../lib/gcc/arm-none-eabi/11.3.1/../../../../arm-none-eabi/lib/thumb/v7e-m+dp/hard\libc_nano.a(libc_a-findfp.o)
 .text.__sfp_lock_acquire
                0x0000000008007500        0xc C:/ST/STM32CubeIDE_1.13.0/STM32CubeIDE/plugins/com.st.stm32cube.ide.mcu.externaltools.gnu-tools-for-stm32.11.3.rel1.win32_1.1.0.202305231506/tools/bin/../lib/gcc/arm-none-eabi/11.3.1/../../../../arm-none-eabi/lib/thumb/v7e-m+dp/hard\libc_nano.a(libc_a-findfp.o)
                0x0000000008007500                __sfp_lock_acquire
 .text.__sfp_lock_release
                0x000000000800750c        0xc C:/ST/STM32CubeIDE_1.13.0/STM32CubeIDE/plugins/com.st.stm32cube.ide.mcu.externaltools.gnu-tools-for-stm32.11.3.rel1.win32_1.1.0.202305231506/tools/bin/../lib/gcc/arm-none-eabi/11.3.1/../../../../arm-none-eabi/lib/thumb/v7e-m+dp/hard\libc_nano.a(libc_a-findfp.o)
                0x000000000800750c                __sfp_lock_release
 .text.__sinit  0x0000000008007518       0x30 C:/ST/STM32CubeIDE_1.13.0/STM32CubeIDE/plugins/com.st.stm32cube.ide.mcu.externaltools.gnu-tools-for-stm32.11.3.rel1.win32_1.1.0.202305231506/tools/bin/../lib/gcc/arm-none-eabi/11.3.1/../../../../arm-none-eabi/lib/thumb/v7e-m+dp/hard\libc_nano.a(libc_a-findfp.o)
                0x0000000008007518                __sinit
 .text._fwalk_sglue
                0x0000000008007548       0x3c C:/ST/STM32CubeIDE_1.13.0/STM32CubeIDE/plugins/com.st.stm32cube.ide.mcu.externaltools.gnu-tools-for-stm32.11.3.rel1.win32_1.1.0.202305231506/tools/bin/../lib/gcc/arm-none-eabi/11.3.1/../../../../arm-none-eabi/lib/thumb/v7e-m+dp/hard\libc_nano.a(libc_a-fwalk.o)
                0x0000000008007548                _fwalk_sglue
 .text.snprintf
                0x0000000008007584       0x68 C:/ST/STM32CubeIDE_1.13.0/STM32CubeIDE/plugins/com.st.stm32cube.ide.mcu.externaltools.gnu-tools-for-stm32.11.3.rel1.win32_1.1.0.202305231506/tools/bin/../lib/gcc/arm-none-eabi/11.3.1/../../../../arm-none-eabi/lib/thumb/v7e-m+dp/hard\libc_nano.a(libc_a-snprintf.o)
                0x0000000008007584                sniprintf
                0x0000000008007584                snprintf
 .text.sprintf  0x00000000080075ec       0x40 C:/ST/STM32CubeIDE_1.13.0/STM32CubeIDE/plugins/com.st.stm32cube.ide.mcu.externaltools.gnu-tools-for-stm32.11.3.rel1.win32_1.1.0.202305231506/tools/bin/../lib/gcc/arm-none-eabi/11.3.1/../../../../arm-none-eabi/lib/thumb/v7e-m+dp/hard\libc_nano.a(libc_a-sprintf.o)
                0x00000000080075ec                siprintf
                0x00000000080075ec                sprintf
 .text.__sread  0x000000000800762c       0x22 C:/ST/STM32CubeIDE_1.13.0/STM32CubeIDE/plugins/com.st.stm32cube.ide.mcu.externaltools.gnu-tools-for-stm32.11.3.rel1.win32_1.1.0.202305231506/tools/bin/../lib/gcc/arm-none-eabi/11.3.1/../../../../arm-none-eabi/lib/thumb/v7e-m+dp/hard\libc_nano.a(libc_a-stdio.o)
                0x000000000800762c                __sread
 .text.__swrite
                0x000000000800764e       0x38 C:/ST/STM32CubeIDE_1.13.0/STM32CubeIDE/plugins/com.st.stm32cube.ide.mcu.externaltools.gnu-tools-for-stm32.11.3.rel1.win32_1.1.0.202305231506/tools/bin/../lib/gcc/arm-none-eabi/11.3.1/../../../../arm-none-eabi/lib/thumb/v7e-m+dp/hard\libc_nano.a(libc_a-stdio.o)
                0x000000000800764e                __swrite
 .text.__sseek  0x0000000008007686       0x24 C:/ST/STM32CubeIDE_1.13.0/STM32CubeIDE/plugins/com.st.stm32cube.ide.mcu.externaltools.gnu-tools-for-stm32.11.3.rel1.win32_1.1.0.202305231506/tools/bin/../lib/gcc/arm-none-eabi/11.3.1/../../../../arm-none-eabi/lib/thumb/v7e-m+dp/hard\libc_nano.a(libc_a-stdio.o)
                0x0000000008007686                __sseek
 .text.__sclose
                0x00000000080076aa        0x8 C:/ST/STM32CubeIDE_1.13.0/STM32CubeIDE/plugins/com.st.stm32cube.ide.mcu.externaltools.gnu-tools-for-stm32.11.3.rel1.win32_1.1.0.202305231506/tools/bin/../lib/gcc/arm-none-eabi/11.3.1/../../../../arm-none-eabi/lib/thumb/v7e-m+dp/hard\libc_nano.a(libc_a-stdio.o)
                0x00000000080076aa                __sclose
 .text.memset   0x00000000080076b2       0x10 C:/ST/STM32CubeIDE_1.13.0/STM32CubeIDE/plugins/com.st.stm32cube.ide.mcu.externaltools.gnu-tools-for-stm32.11.3.rel1.win32_1.1.0.202305231506/tools/bin/../lib/gcc/arm-none-eabi/11.3.1/../../../../arm-none-eabi/lib/thumb/v7e-m+dp/hard\libc_nano.a(libc_a-memset.o)
                0x00000000080076b2                memset
 *fill*         0x00000000080076c2        0x2 
 .text._localeconv_r
                0x00000000080076c4        0x8 C:/ST/STM32CubeIDE_1.13.0/STM32CubeIDE/plugins/com.st.stm32cube.ide.mcu.externaltools.gnu-tools-for-stm32.11.3.rel1.win32_1.1.0.202305231506/tools/bin/../lib/gcc/arm-none-eabi/11.3.1/../../../../arm-none-eabi/lib/thumb/v7e-m+dp/hard\libc_nano.a(libc_a-localeconv.o)
                0x00000000080076c4                _localeconv_r
 .text._close_r
                0x00000000080076cc       0x20 C:/ST/STM32CubeIDE_1.13.0/STM32CubeIDE/plugins/com.st.stm32cube.ide.mcu.externaltools.gnu-tools-for-stm32.11.3.rel1.win32_1.1.0.202305231506/tools/bin/../lib/gcc/arm-none-eabi/11.3.1/../../../../arm-none-eabi/lib/thumb/v7e-m+dp/hard\libc_nano.a(libc_a-closer.o)
                0x00000000080076cc                _close_r
 .text._lseek_r
                0x00000000080076ec       0x24 C:/ST/STM32CubeIDE_1.13.0/STM32CubeIDE/plugins/com.st.stm32cube.ide.mcu.externaltools.gnu-tools-for-stm32.11.3.rel1.win32_1.1.0.202305231506/tools/bin/../lib/gcc/arm-none-eabi/11.3.1/../../../../arm-none-eabi/lib/thumb/v7e-m+dp/hard\libc_nano.a(libc_a-lseekr.o)
                0x00000000080076ec                _lseek_r
 .text._read_r  0x0000000008007710       0x24 C:/ST/STM32CubeIDE_1.13.0/STM32CubeIDE/plugins/com.st.stm32cube.ide.mcu.externaltools.gnu-tools-for-stm32.11.3.rel1.win32_1.1.0.202305231506/tools/bin/../lib/gcc/arm-none-eabi/11.3.1/../../../../arm-none-eabi/lib/thumb/v7e-m+dp/hard\libc_nano.a(libc_a-readr.o)
                0x0000000008007710                _read_r
 .text._write_r
                0x0000000008007734       0x24 C:/ST/STM32CubeIDE_1.13.0/STM32CubeIDE/plugins/com.st.stm32cube.ide.mcu.externaltools.gnu-tools-for-stm32.11.3.rel1.win32_1.1.0.202305231506/tools/bin/../lib/gcc/arm-none-eabi/11.3.1/../../../../arm-none-eabi/lib/thumb/v7e-m+dp/hard\libc_nano.a(libc_a-writer.o)
                0x0000000008007734                _write_r
 .text.__errno  0x0000000008007758        0xc C:/ST/STM32CubeIDE_1.13.0/STM32CubeIDE/plugins/com.st.stm32cube.ide.mcu.externaltools.gnu-tools-for-stm32.11.3.rel1.win32_1.1.0.202305231506/tools/bin/../lib/gcc/arm-none-eabi/11.3.1/../../../../arm-none-eabi/lib/thumb/v7e-m+dp/hard\libc_nano.a(libc_a-errno.o)
                0x0000000008007758                __errno
 .text.__libc_init_array
                0x0000000008007764       0x48 C:/ST/STM32CubeIDE_1.13.0/STM32CubeIDE/plugins/com.st.stm32cube.ide.mcu.externaltools.gnu-tools-for-stm32.11.3.rel1.win32_1.1.0.202305231506/tools/bin/../lib/gcc/arm-none-eabi/11.3.1/../../../../arm-none-eabi/lib/thumb/v7e-m+dp/hard\libc_nano.a(libc_a-init.o)
                0x0000000008007764                __libc_init_array
 .text.__retarget_lock_acquire_recursive
                0x00000000080077ac        0x2 C:/ST/STM32CubeIDE_1.13.0/STM32CubeIDE/plugins/com.st.stm32cube.ide.mcu.externaltools.gnu-tools-for-stm32.11.3.rel1.win32_1.1.0.202305231506/tools/bin/../lib/gcc/arm-none-eabi/11.3.1/../../../../arm-none-eabi/lib/thumb/v7e-m+dp/hard\libc_nano.a(libc_a-lock.o)
                0x00000000080077ac                __retarget_lock_acquire_recursive
 .text.__retarget_lock_release_recursive
                0x00000000080077ae        0x2 C:/ST/STM32CubeIDE_1.13.0/STM32CubeIDE/plugins/com.st.stm32cube.ide.mcu.externaltools.gnu-tools-for-stm32.11.3.rel1.win32_1.1.0.202305231506/tools/bin/../lib/gcc/arm-none-eabi/11.3.1/../../../../arm-none-eabi/lib/thumb/v7e-m+dp/hard\libc_nano.a(libc_a-lock.o)
                0x00000000080077ae                __retarget_lock_release_recursive
 .text.quorem   0x00000000080077b0      0x110 C:/ST/STM32CubeIDE_1.13.0/STM32CubeIDE/plugins/com.st.stm32cube.ide.mcu.externaltools.gnu-tools-for-stm32.11.3.rel1.win32_1.1.0.202305231506/tools/bin/../lib/gcc/arm-none-eabi/11.3.1/../../../../arm-none-eabi/lib/thumb/v7e-m+dp/hard\libc_nano.a(libc_a-dtoa.o)
 .text._dtoa_r  0x00000000080078c0      0xad8 C:/ST/STM32CubeIDE_1.13.0/STM32CubeIDE/plugins/com.st.stm32cube.ide.mcu.externaltools.gnu-tools-for-stm32.11.3.rel1.win32_1.1.0.202305231506/tools/bin/../lib/gcc/arm-none-eabi/11.3.1/../../../../arm-none-eabi/lib/thumb/v7e-m+dp/hard\libc_nano.a(libc_a-dtoa.o)
                0x00000000080078c0                _dtoa_r
 .text._free_r  0x0000000008008398       0x98 C:/ST/STM32CubeIDE_1.13.0/STM32CubeIDE/plugins/com.st.stm32cube.ide.mcu.externaltools.gnu-tools-for-stm32.11.3.rel1.win32_1.1.0.202305231506/tools/bin/../lib/gcc/arm-none-eabi/11.3.1/../../../../arm-none-eabi/lib/thumb/v7e-m+dp/hard\libc_nano.a(libc_a-freer.o)
                0x0000000008008398                _free_r
 .text.malloc   0x0000000008008430       0x10 C:/ST/STM32CubeIDE_1.13.0/STM32CubeIDE/plugins/com.st.stm32cube.ide.mcu.externaltools.gnu-tools-for-stm32.11.3.rel1.win32_1.1.0.202305231506/tools/bin/../lib/gcc/arm-none-eabi/11.3.1/../../../../arm-none-eabi/lib/thumb/v7e-m+dp/hard\libc_nano.a(libc_a-malloc.o)
                0x0000000008008430                malloc
 .text.sbrk_aligned
                0x0000000008008440       0x40 C:/ST/STM32CubeIDE_1.13.0/STM32CubeIDE/plugins/com.st.stm32cube.ide.mcu.externaltools.gnu-tools-for-stm32.11.3.rel1.win32_1.1.0.202305231506/tools/bin/../lib/gcc/arm-none-eabi/11.3.1/../../../../arm-none-eabi/lib/thumb/v7e-m+dp/hard\libc_nano.a(libc_a-mallocr.o)
 .text._malloc_r
                0x0000000008008480      0x100 C:/ST/STM32CubeIDE_1.13.0/STM32CubeIDE/plugins/com.st.stm32cube.ide.mcu.externaltools.gnu-tools-for-stm32.11.3.rel1.win32_1.1.0.202305231506/tools/bin/../lib/gcc/arm-none-eabi/11.3.1/../../../../arm-none-eabi/lib/thumb/v7e-m+dp/hard\libc_nano.a(libc_a-mallocr.o)
                0x0000000008008480                _malloc_r
 .text.__malloc_lock
                0x0000000008008580        0xc C:/ST/STM32CubeIDE_1.13.0/STM32CubeIDE/plugins/com.st.stm32cube.ide.mcu.externaltools.gnu-tools-for-stm32.11.3.rel1.win32_1.1.0.202305231506/tools/bin/../lib/gcc/arm-none-eabi/11.3.1/../../../../arm-none-eabi/lib/thumb/v7e-m+dp/hard\libc_nano.a(libc_a-mlock.o)
                0x0000000008008580                __malloc_lock
 .text.__malloc_unlock
                0x000000000800858c        0xc C:/ST/STM32CubeIDE_1.13.0/STM32CubeIDE/plugins/com.st.stm32cube.ide.mcu.externaltools.gnu-tools-for-stm32.11.3.rel1.win32_1.1.0.202305231506/tools/bin/../lib/gcc/arm-none-eabi/11.3.1/../../../../arm-none-eabi/lib/thumb/v7e-m+dp/hard\libc_nano.a(libc_a-mlock.o)
                0x000000000800858c                __malloc_unlock
 .text._Balloc  0x0000000008008598       0x80 C:/ST/STM32CubeIDE_1.13.0/STM32CubeIDE/plugins/com.st.stm32cube.ide.mcu.externaltools.gnu-tools-for-stm32.11.3.rel1.win32_1.1.0.202305231506/tools/bin/../lib/gcc/arm-none-eabi/11.3.1/../../../../arm-none-eabi/lib/thumb/v7e-m+dp/hard\libc_nano.a(libc_a-mprec.o)
                0x0000000008008598                _Balloc
 .text._Bfree   0x0000000008008618       0x44 C:/ST/STM32CubeIDE_1.13.0/STM32CubeIDE/plugins/com.st.stm32cube.ide.mcu.externaltools.gnu-tools-for-stm32.11.3.rel1.win32_1.1.0.202305231506/tools/bin/../lib/gcc/arm-none-eabi/11.3.1/../../../../arm-none-eabi/lib/thumb/v7e-m+dp/hard\libc_nano.a(libc_a-mprec.o)
                0x0000000008008618                _Bfree
 .text.__multadd
                0x000000000800865c       0x8c C:/ST/STM32CubeIDE_1.13.0/STM32CubeIDE/plugins/com.st.stm32cube.ide.mcu.externaltools.gnu-tools-for-stm32.11.3.rel1.win32_1.1.0.202305231506/tools/bin/../lib/gcc/arm-none-eabi/11.3.1/../../../../arm-none-eabi/lib/thumb/v7e-m+dp/hard\libc_nano.a(libc_a-mprec.o)
                0x000000000800865c                __multadd
 .text.__hi0bits
                0x00000000080086e8       0x40 C:/ST/STM32CubeIDE_1.13.0/STM32CubeIDE/plugins/com.st.stm32cube.ide.mcu.externaltools.gnu-tools-for-stm32.11.3.rel1.win32_1.1.0.202305231506/tools/bin/../lib/gcc/arm-none-eabi/11.3.1/../../../../arm-none-eabi/lib/thumb/v7e-m+dp/hard\libc_nano.a(libc_a-mprec.o)
                0x00000000080086e8                __hi0bits
 .text.__lo0bits
                0x0000000008008728       0x5a C:/ST/STM32CubeIDE_1.13.0/STM32CubeIDE/plugins/com.st.stm32cube.ide.mcu.externaltools.gnu-tools-for-stm32.11.3.rel1.win32_1.1.0.202305231506/tools/bin/../lib/gcc/arm-none-eabi/11.3.1/../../../../arm-none-eabi/lib/thumb/v7e-m+dp/hard\libc_nano.a(libc_a-mprec.o)
                0x0000000008008728                __lo0bits
 *fill*         0x0000000008008782        0x2 
 .text.__i2b    0x0000000008008784       0x2c C:/ST/STM32CubeIDE_1.13.0/STM32CubeIDE/plugins/com.st.stm32cube.ide.mcu.externaltools.gnu-tools-for-stm32.11.3.rel1.win32_1.1.0.202305231506/tools/bin/../lib/gcc/arm-none-eabi/11.3.1/../../../../arm-none-eabi/lib/thumb/v7e-m+dp/hard\libc_nano.a(libc_a-mprec.o)
                0x0000000008008784                __i2b
 .text.__multiply
                0x00000000080087b0      0x154 C:/ST/STM32CubeIDE_1.13.0/STM32CubeIDE/plugins/com.st.stm32cube.ide.mcu.externaltools.gnu-tools-for-stm32.11.3.rel1.win32_1.1.0.202305231506/tools/bin/../lib/gcc/arm-none-eabi/11.3.1/../../../../arm-none-eabi/lib/thumb/v7e-m+dp/hard\libc_nano.a(libc_a-mprec.o)
                0x00000000080087b0                __multiply
 .text.__pow5mult
                0x0000000008008904       0xb4 C:/ST/STM32CubeIDE_1.13.0/STM32CubeIDE/plugins/com.st.stm32cube.ide.mcu.externaltools.gnu-tools-for-stm32.11.3.rel1.win32_1.1.0.202305231506/tools/bin/../lib/gcc/arm-none-eabi/11.3.1/../../../../arm-none-eabi/lib/thumb/v7e-m+dp/hard\libc_nano.a(libc_a-mprec.o)
                0x0000000008008904                __pow5mult
 .text.__lshift
                0x00000000080089b8       0xd8 C:/ST/STM32CubeIDE_1.13.0/STM32CubeIDE/plugins/com.st.stm32cube.ide.mcu.externaltools.gnu-tools-for-stm32.11.3.rel1.win32_1.1.0.202305231506/tools/bin/../lib/gcc/arm-none-eabi/11.3.1/../../../../arm-none-eabi/lib/thumb/v7e-m+dp/hard\libc_nano.a(libc_a-mprec.o)
                0x00000000080089b8                __lshift
 .text.__mcmp   0x0000000008008a90       0x38 C:/ST/STM32CubeIDE_1.13.0/STM32CubeIDE/plugins/com.st.stm32cube.ide.mcu.externaltools.gnu-tools-for-stm32.11.3.rel1.win32_1.1.0.202305231506/tools/bin/../lib/gcc/arm-none-eabi/11.3.1/../../../../arm-none-eabi/lib/thumb/v7e-m+dp/hard\libc_nano.a(libc_a-mprec.o)
                0x0000000008008a90                __mcmp
 .text.__mdiff  0x0000000008008ac8      0x114 C:/ST/STM32CubeIDE_1.13.0/STM32CubeIDE/plugins/com.st.stm32cube.ide.mcu.externaltools.gnu-tools-for-stm32.11.3.rel1.win32_1.1.0.202305231506/tools/bin/../lib/gcc/arm-none-eabi/11.3.1/../../../../arm-none-eabi/lib/thumb/v7e-m+dp/hard\libc_nano.a(libc_a-mprec.o)
                0x0000000008008ac8                __mdiff
 .text.__d2b    0x0000000008008bdc       0xb4 C:/ST/STM32CubeIDE_1.13.0/STM32CubeIDE/plugins/com.st.stm32cube.ide.mcu.externaltools.gnu-tools-for-stm32.11.3.rel1.win32_1.1.0.202305231506/tools/bin/../lib/gcc/arm-none-eabi/11.3.1/../../../../arm-none-eabi/lib/thumb/v7e-m+dp/hard\libc_nano.a(libc_a-mprec.o)
                0x0000000008008bdc                __d2b
 .text.__ssputs_r
                0x0000000008008c90       0xb4 C:/ST/STM32CubeIDE_1.13.0/STM32CubeIDE/plugins/com.st.stm32cube.ide.mcu.externaltools.gnu-tools-for-stm32.11.3.rel1.win32_1.1.0.202305231506/tools/bin/../lib/gcc/arm-none-eabi/11.3.1/../../../../arm-none-eabi/lib/thumb/v7e-m+dp/hard\libc_nano.a(libc_a-nano-svfprintf.o)
                0x0000000008008c90                __ssputs_r
 .text._svfprintf_r
                0x0000000008008d44      0x1fc C:/ST/STM32CubeIDE_1.13.0/STM32CubeIDE/plugins/com.st.stm32cube.ide.mcu.externaltools.gnu-tools-for-stm32.11.3.rel1.win32_1.1.0.202305231506/tools/bin/../lib/gcc/arm-none-eabi/11.3.1/../../../../arm-none-eabi/lib/thumb/v7e-m+dp/hard\libc_nano.a(libc_a-nano-svfprintf.o)
                0x0000000008008d44                _svfiprintf_r
                0x0000000008008d44                _svfprintf_r
 .text.__sflush_r
                0x0000000008008f40      0x10c C:/ST/STM32CubeIDE_1.13.0/STM32CubeIDE/plugins/com.st.stm32cube.ide.mcu.externaltools.gnu-tools-for-stm32.11.3.rel1.win32_1.1.0.202305231506/tools/bin/../lib/gcc/arm-none-eabi/11.3.1/../../../../arm-none-eabi/lib/thumb/v7e-m+dp/hard\libc_nano.a(libc_a-fflush.o)
                0x0000000008008f40                __sflush_r
 .text._fflush_r
                0x000000000800904c       0x50 C:/ST/STM32CubeIDE_1.13.0/STM32CubeIDE/plugins/com.st.stm32cube.ide.mcu.externaltools.gnu-tools-for-stm32.11.3.rel1.win32_1.1.0.202305231506/tools/bin/../lib/gcc/arm-none-eabi/11.3.1/../../../../arm-none-eabi/lib/thumb/v7e-m+dp/hard\libc_nano.a(libc_a-fflush.o)
                0x000000000800904c                _fflush_r
 .text.memmove  0x000000000800909c       0x34 C:/ST/STM32CubeIDE_1.13.0/STM32CubeIDE/plugins/com.st.stm32cube.ide.mcu.externaltools.gnu-tools-for-stm32.11.3.rel1.win32_1.1.0.202305231506/tools/bin/../lib/gcc/arm-none-eabi/11.3.1/../../../../arm-none-eabi/lib/thumb/v7e-m+dp/hard\libc_nano.a(libc_a-memmove.o)
                0x000000000800909c                memmove
 .text._sbrk_r  0x00000000080090d0       0x20 C:/ST/STM32CubeIDE_1.13.0/STM32CubeIDE/plugins/com.st.stm32cube.ide.mcu.externaltools.gnu-tools-for-stm32.11.3.rel1.win32_1.1.0.202305231506/tools/bin/../lib/gcc/arm-none-eabi/11.3.1/../../../../arm-none-eabi/lib/thumb/v7e-m+dp/hard\libc_nano.a(libc_a-sbrkr.o)
                0x00000000080090d0                _sbrk_r
 .text.memcpy   0x00000000080090f0       0x1c C:/ST/STM32CubeIDE_1.13.0/STM32CubeIDE/plugins/com.st.stm32cube.ide.mcu.externaltools.gnu-tools-for-stm32.11.3.rel1.win32_1.1.0.202305231506/tools/bin/../lib/gcc/arm-none-eabi/11.3.1/../../../../arm-none-eabi/lib/thumb/v7e-m+dp/hard\libc_nano.a(libc_a-memcpy-stub.o)
                0x00000000080090f0                memcpy
 .text.__assert_func
                0x000000000800910c       0x3c C:/ST/STM32CubeIDE_1.13.0/STM32CubeIDE/plugins/com.st.stm32cube.ide.mcu.externaltools.gnu-tools-for-stm32.11.3.rel1.win32_1.1.0.202305231506/tools/bin/../lib/gcc/arm-none-eabi/11.3.1/../../../../arm-none-eabi/lib/thumb/v7e-m+dp/hard\libc_nano.a(libc_a-assert.o)
                0x000000000800910c                __assert_func
 .text._calloc_r
                0x0000000008009148       0x2c C:/ST/STM32CubeIDE_1.13.0/STM32CubeIDE/plugins/com.st.stm32cube.ide.mcu.externaltools.gnu-tools-for-stm32.11.3.rel1.win32_1.1.0.202305231506/tools/bin/../lib/gcc/arm-none-eabi/11.3.1/../../../../arm-none-eabi/lib/thumb/v7e-m+dp/hard\libc_nano.a(libc_a-callocr.o)
                0x0000000008009148                _calloc_r
 .text.__ascii_mbtowc
                0x0000000008009174       0x24 C:/ST/STM32CubeIDE_1.13.0/STM32CubeIDE/plugins/com.st.stm32cube.ide.mcu.externaltools.gnu-tools-for-stm32.11.3.rel1.win32_1.1.0.202305231506/tools/bin/../lib/gcc/arm-none-eabi/11.3.1/../../../../arm-none-eabi/lib/thumb/v7e-m+dp/hard\libc_nano.a(libc_a-mbtowc_r.o)
                0x0000000008009174                __ascii_mbtowc
 .text._realloc_r
                0x0000000008009198       0x5e C:/ST/STM32CubeIDE_1.13.0/STM32CubeIDE/plugins/com.st.stm32cube.ide.mcu.externaltools.gnu-tools-for-stm32.11.3.rel1.win32_1.1.0.202305231506/tools/bin/../lib/gcc/arm-none-eabi/11.3.1/../../../../arm-none-eabi/lib/thumb/v7e-m+dp/hard\libc_nano.a(libc_a-reallocr.o)
                0x0000000008009198                _realloc_r
 .text.__ascii_wctomb
                0x00000000080091f6       0x1a C:/ST/STM32CubeIDE_1.13.0/STM32CubeIDE/plugins/com.st.stm32cube.ide.mcu.externaltools.gnu-tools-for-stm32.11.3.rel1.win32_1.1.0.202305231506/tools/bin/../lib/gcc/arm-none-eabi/11.3.1/../../../../arm-none-eabi/lib/thumb/v7e-m+dp/hard\libc_nano.a(libc_a-wctomb_r.o)
                0x00000000080091f6                __ascii_wctomb
 .text.fprintf  0x0000000008009210       0x24 C:/ST/STM32CubeIDE_1.13.0/STM32CubeIDE/plugins/com.st.stm32cube.ide.mcu.externaltools.gnu-tools-for-stm32.11.3.rel1.win32_1.1.0.202305231506/tools/bin/../lib/gcc/arm-none-eabi/11.3.1/../../../../arm-none-eabi/lib/thumb/v7e-m+dp/hard\libc_nano.a(libc_a-fprintf.o)
                0x0000000008009210                fiprintf
                0x0000000008009210                fprintf
 .text.abort    0x0000000008009234        0xe C:/ST/STM32CubeIDE_1.13.0/STM32CubeIDE/plugins/com.st.stm32cube.ide.mcu.externaltools.gnu-tools-for-stm32.11.3.rel1.win32_1.1.0.202305231506/tools/bin/../lib/gcc/arm-none-eabi/11.3.1/../../../../arm-none-eabi/lib/thumb/v7e-m+dp/hard\libc_nano.a(libc_a-abort.o)
                0x0000000008009234                abort
 .text._malloc_usable_size_r
                0x0000000008009242       0x10 C:/ST/STM32CubeIDE_1.13.0/STM32CubeIDE/plugins/com.st.stm32cube.ide.mcu.externaltools.gnu-tools-for-stm32.11.3.rel1.win32_1.1.0.202305231506/tools/bin/../lib/gcc/arm-none-eabi/11.3.1/../../../../arm-none-eabi/lib/thumb/v7e-m+dp/hard\libc_nano.a(libc_a-msizer.o)
                0x0000000008009242                _malloc_usable_size_r
 .text.__sfputc_r
                0x0000000008009252       0x2e C:/ST/STM32CubeIDE_1.13.0/STM32CubeIDE/plugins/com.st.stm32cube.ide.mcu.externaltools.gnu-tools-for-stm32.11.3.rel1.win32_1.1.0.202305231506/tools/bin/../lib/gcc/arm-none-eabi/11.3.1/../../../../arm-none-eabi/lib/thumb/v7e-m+dp/hard\libc_nano.a(libc_a-nano-vfprintf.o)
 .text.__sfputs_r
                0x0000000008009280       0x24 C:/ST/STM32CubeIDE_1.13.0/STM32CubeIDE/plugins/com.st.stm32cube.ide.mcu.externaltools.gnu-tools-for-stm32.11.3.rel1.win32_1.1.0.202305231506/tools/bin/../lib/gcc/arm-none-eabi/11.3.1/../../../../arm-none-eabi/lib/thumb/v7e-m+dp/hard\libc_nano.a(libc_a-nano-vfprintf.o)
                0x0000000008009280                __sfputs_r
 .text._vfprintf_r
                0x00000000080092a4      0x234 C:/ST/STM32CubeIDE_1.13.0/STM32CubeIDE/plugins/com.st.stm32cube.ide.mcu.externaltools.gnu-tools-for-stm32.11.3.rel1.win32_1.1.0.202305231506/tools/bin/../lib/gcc/arm-none-eabi/11.3.1/../../../../arm-none-eabi/lib/thumb/v7e-m+dp/hard\libc_nano.a(libc_a-nano-vfprintf.o)
                0x00000000080092a4                _vfprintf_r
                0x00000000080092a4                _vfiprintf_r
 .text.__swbuf_r
                0x00000000080094d8       0x7a C:/ST/STM32CubeIDE_1.13.0/STM32CubeIDE/plugins/com.st.stm32cube.ide.mcu.externaltools.gnu-tools-for-stm32.11.3.rel1.win32_1.1.0.202305231506/tools/bin/../lib/gcc/arm-none-eabi/11.3.1/../../../../arm-none-eabi/lib/thumb/v7e-m+dp/hard\libc_nano.a(libc_a-wbuf.o)
                0x00000000080094d8                __swbuf_r
 *fill*         0x0000000008009552        0x2 
 .text.__swsetup_r
                0x0000000008009554       0xb0 C:/ST/STM32CubeIDE_1.13.0/STM32CubeIDE/plugins/com.st.stm32cube.ide.mcu.externaltools.gnu-tools-for-stm32.11.3.rel1.win32_1.1.0.202305231506/tools/bin/../lib/gcc/arm-none-eabi/11.3.1/../../../../arm-none-eabi/lib/thumb/v7e-m+dp/hard\libc_nano.a(libc_a-wsetup.o)
                0x0000000008009554                __swsetup_r
 .text._raise_r
                0x0000000008009604       0x50 C:/ST/STM32CubeIDE_1.13.0/STM32CubeIDE/plugins/com.st.stm32cube.ide.mcu.externaltools.gnu-tools-for-stm32.11.3.rel1.win32_1.1.0.202305231506/tools/bin/../lib/gcc/arm-none-eabi/11.3.1/../../../../arm-none-eabi/lib/thumb/v7e-m+dp/hard\libc_nano.a(libc_a-signal.o)
                0x0000000008009604                _raise_r
 .text.raise    0x0000000008009654       0x10 C:/ST/STM32CubeIDE_1.13.0/STM32CubeIDE/plugins/com.st.stm32cube.ide.mcu.externaltools.gnu-tools-for-stm32.11.3.rel1.win32_1.1.0.202305231506/tools/bin/../lib/gcc/arm-none-eabi/11.3.1/../../../../arm-none-eabi/lib/thumb/v7e-m+dp/hard\libc_nano.a(libc_a-signal.o)
                0x0000000008009654                raise
 .text._kill_r  0x0000000008009664       0x24 C:/ST/STM32CubeIDE_1.13.0/STM32CubeIDE/plugins/com.st.stm32cube.ide.mcu.externaltools.gnu-tools-for-stm32.11.3.rel1.win32_1.1.0.202305231506/tools/bin/../lib/gcc/arm-none-eabi/11.3.1/../../../../arm-none-eabi/lib/thumb/v7e-m+dp/hard\libc_nano.a(libc_a-signalr.o)
                0x0000000008009664                _kill_r
 .text._getpid_r
                0x0000000008009688        0x4 C:/ST/STM32CubeIDE_1.13.0/STM32CubeIDE/plugins/com.st.stm32cube.ide.mcu.externaltools.gnu-tools-for-stm32.11.3.rel1.win32_1.1.0.202305231506/tools/bin/../lib/gcc/arm-none-eabi/11.3.1/../../../../arm-none-eabi/lib/thumb/v7e-m+dp/hard\libc_nano.a(libc_a-signalr.o)
                0x0000000008009688                _getpid_r
 .text.__swhatbuf_r
                0x000000000800968c       0x4c C:/ST/STM32CubeIDE_1.13.0/STM32CubeIDE/plugins/com.st.stm32cube.ide.mcu.externaltools.gnu-tools-for-stm32.11.3.rel1.win32_1.1.0.202305231506/tools/bin/../lib/gcc/arm-none-eabi/11.3.1/../../../../arm-none-eabi/lib/thumb/v7e-m+dp/hard\libc_nano.a(libc_a-makebuf.o)
                0x000000000800968c                __swhatbuf_r
 .text.__smakebuf_r
                0x00000000080096d8       0x78 C:/ST/STM32CubeIDE_1.13.0/STM32CubeIDE/plugins/com.st.stm32cube.ide.mcu.externaltools.gnu-tools-for-stm32.11.3.rel1.win32_1.1.0.202305231506/tools/bin/../lib/gcc/arm-none-eabi/11.3.1/../../../../arm-none-eabi/lib/thumb/v7e-m+dp/hard\libc_nano.a(libc_a-makebuf.o)
                0x00000000080096d8                __smakebuf_r
 .text._fstat_r
                0x0000000008009750       0x24 C:/ST/STM32CubeIDE_1.13.0/STM32CubeIDE/plugins/com.st.stm32cube.ide.mcu.externaltools.gnu-tools-for-stm32.11.3.rel1.win32_1.1.0.202305231506/tools/bin/../lib/gcc/arm-none-eabi/11.3.1/../../../../arm-none-eabi/lib/thumb/v7e-m+dp/hard\libc_nano.a(libc_a-fstatr.o)
                0x0000000008009750                _fstat_r
 .text._isatty_r
                0x0000000008009774       0x20 C:/ST/STM32CubeIDE_1.13.0/STM32CubeIDE/plugins/com.st.stm32cube.ide.mcu.externaltools.gnu-tools-for-stm32.11.3.rel1.win32_1.1.0.202305231506/tools/bin/../lib/gcc/arm-none-eabi/11.3.1/../../../../arm-none-eabi/lib/thumb/v7e-m+dp/hard\libc_nano.a(libc_a-isattyr.o)
                0x0000000008009774                _isatty_r
 *(.glue_7)
 .glue_7        0x0000000008009794        0x0 linker stubs
 *(.glue_7t)
 .glue_7t       0x0000000008009794        0x0 linker stubs
 *(.eh_frame)
 .eh_frame      0x0000000008009794        0x0 C:/ST/STM32CubeIDE_1.13.0/STM32CubeIDE/plugins/com.st.stm32cube.ide.mcu.externaltools.gnu-tools-for-stm32.11.3.rel1.win32_1.1.0.202305231506/tools/bin/../lib/gcc/arm-none-eabi/11.3.1/thumb/v7e-m+dp/hard/crtbegin.o
 *(.init)
 .init          0x0000000008009794        0x4 C:/ST/STM32CubeIDE_1.13.0/STM32CubeIDE/plugins/com.st.stm32cube.ide.mcu.externaltools.gnu-tools-for-stm32.11.3.rel1.win32_1.1.0.202305231506/tools/bin/../lib/gcc/arm-none-eabi/11.3.1/thumb/v7e-m+dp/hard/crti.o
                0x0000000008009794                _init
 .init          0x0000000008009798        0x8 C:/ST/STM32CubeIDE_1.13.0/STM32CubeIDE/plugins/com.st.stm32cube.ide.mcu.externaltools.gnu-tools-for-stm32.11.3.rel1.win32_1.1.0.202305231506/tools/bin/../lib/gcc/arm-none-eabi/11.3.1/thumb/v7e-m+dp/hard/crtn.o
 *(.fini)
 .fini          0x00000000080097a0        0x4 C:/ST/STM32CubeIDE_1.13.0/STM32CubeIDE/plugins/com.st.stm32cube.ide.mcu.externaltools.gnu-tools-for-stm32.11.3.rel1.win32_1.1.0.202305231506/tools/bin/../lib/gcc/arm-none-eabi/11.3.1/thumb/v7e-m+dp/hard/crti.o
                0x00000000080097a0                _fini
 .fini          0x00000000080097a4        0x8 C:/ST/STM32CubeIDE_1.13.0/STM32CubeIDE/plugins/com.st.stm32cube.ide.mcu.externaltools.gnu-tools-for-stm32.11.3.rel1.win32_1.1.0.202305231506/tools/bin/../lib/gcc/arm-none-eabi/11.3.1/thumb/v7e-m+dp/hard/crtn.o
                0x00000000080097ac                . = ALIGN (0x4)
                0x00000000080097ac                _etext = .

.vfp11_veneer   0x00000000080097ac        0x0
 .vfp11_veneer  0x00000000080097ac        0x0 linker stubs

.v4_bx          0x00000000080097ac        0x0
 .v4_bx         0x00000000080097ac        0x0 linker stubs

.iplt           0x00000000080097ac        0x0
 .iplt          0x00000000080097ac        0x0 C:/ST/STM32CubeIDE_1.13.0/STM32CubeIDE/plugins/com.st.stm32cube.ide.mcu.externaltools.gnu-tools-for-stm32.11.3.rel1.win32_1.1.0.202305231506/tools/bin/../lib/gcc/arm-none-eabi/11.3.1/thumb/v7e-m+dp/hard/crtbegin.o

.rodata         0x00000000080097b0      0x6b4
                0x00000000080097b0                . = ALIGN (0x4)
 *(.rodata)
 .rodata        0x00000000080097b0       0xe5 ./Core/Src/main.o
 *(.rodata*)
 *fill*         0x0000000008009895        0x3 
 .rodata.AHBPrescTable
                0x0000000008009898       0x10 ./Core/Src/system_stm32f7xx.o
                0x0000000008009898                AHBPrescTable
 .rodata.APBPrescTable
                0x00000000080098a8        0x8 ./Core/Src/system_stm32f7xx.o
                0x00000000080098a8                APBPrescTable
 .rodata.font   0x00000000080098b0      0x240 ./Drivers/ILI9341/ILI9341_GFX.o
 .rodata._printf_float.str1.1
                0x0000000008009af0       0x12 C:/ST/STM32CubeIDE_1.13.0/STM32CubeIDE/plugins/com.st.stm32cube.ide.mcu.externaltools.gnu-tools-for-stm32.11.3.rel1.win32_1.1.0.202305231506/tools/bin/../lib/gcc/arm-none-eabi/11.3.1/../../../../arm-none-eabi/lib/thumb/v7e-m+dp/hard\libc_nano.a(libc_a-nano-vfprintf_float.o)
 .rodata._printf_i.str1.1
                0x0000000008009b02       0x22 C:/ST/STM32CubeIDE_1.13.0/STM32CubeIDE/plugins/com.st.stm32cube.ide.mcu.externaltools.gnu-tools-for-stm32.11.3.rel1.win32_1.1.0.202305231506/tools/bin/../lib/gcc/arm-none-eabi/11.3.1/../../../../arm-none-eabi/lib/thumb/v7e-m+dp/hard\libc_nano.a(libc_a-nano-vfprintf_i.o)
 .rodata._dtoa_r.str1.1
                0x0000000008009b24       0x8d C:/ST/STM32CubeIDE_1.13.0/STM32CubeIDE/plugins/com.st.stm32cube.ide.mcu.externaltools.gnu-tools-for-stm32.11.3.rel1.win32_1.1.0.202305231506/tools/bin/../lib/gcc/arm-none-eabi/11.3.1/../../../../arm-none-eabi/lib/thumb/v7e-m+dp/hard\libc_nano.a(libc_a-dtoa.o)
                                         0x8f (size before relaxing)
 .rodata._Balloc.str1.1
                0x0000000008009bb1       0x59 C:/ST/STM32CubeIDE_1.13.0/STM32CubeIDE/plugins/com.st.stm32cube.ide.mcu.externaltools.gnu-tools-for-stm32.11.3.rel1.win32_1.1.0.202305231506/tools/bin/../lib/gcc/arm-none-eabi/11.3.1/../../../../arm-none-eabi/lib/thumb/v7e-m+dp/hard\libc_nano.a(libc_a-mprec.o)
                                         0x70 (size before relaxing)
 .rodata.__multadd.str1.1
                0x0000000008009c0a       0x11 C:/ST/STM32CubeIDE_1.13.0/STM32CubeIDE/plugins/com.st.stm32cube.ide.mcu.externaltools.gnu-tools-for-stm32.11.3.rel1.win32_1.1.0.202305231506/tools/bin/../lib/gcc/arm-none-eabi/11.3.1/../../../../arm-none-eabi/lib/thumb/v7e-m+dp/hard\libc_nano.a(libc_a-mprec.o)
 *fill*         0x0000000008009c0a        0x6 
 .rodata.__mprec_bigtens
                0x0000000008009c10       0x28 C:/ST/STM32CubeIDE_1.13.0/STM32CubeIDE/plugins/com.st.stm32cube.ide.mcu.externaltools.gnu-tools-for-stm32.11.3.rel1.win32_1.1.0.202305231506/tools/bin/../lib/gcc/arm-none-eabi/11.3.1/../../../../arm-none-eabi/lib/thumb/v7e-m+dp/hard\libc_nano.a(libc_a-mprec.o)
                0x0000000008009c10                __mprec_bigtens
 .rodata.__mprec_tens
                0x0000000008009c38       0xc8 C:/ST/STM32CubeIDE_1.13.0/STM32CubeIDE/plugins/com.st.stm32cube.ide.mcu.externaltools.gnu-tools-for-stm32.11.3.rel1.win32_1.1.0.202305231506/tools/bin/../lib/gcc/arm-none-eabi/11.3.1/../../../../arm-none-eabi/lib/thumb/v7e-m+dp/hard\libc_nano.a(libc_a-mprec.o)
                0x0000000008009c38                __mprec_tens
 .rodata.p05.0  0x0000000008009d00        0xc C:/ST/STM32CubeIDE_1.13.0/STM32CubeIDE/plugins/com.st.stm32cube.ide.mcu.externaltools.gnu-tools-for-stm32.11.3.rel1.win32_1.1.0.202305231506/tools/bin/../lib/gcc/arm-none-eabi/11.3.1/../../../../arm-none-eabi/lib/thumb/v7e-m+dp/hard\libc_nano.a(libc_a-mprec.o)
 .rodata._svfprintf_r.str1.1
                0x0000000008009d0c       0x11 C:/ST/STM32CubeIDE_1.13.0/STM32CubeIDE/plugins/com.st.stm32cube.ide.mcu.externaltools.gnu-tools-for-stm32.11.3.rel1.win32_1.1.0.202305231506/tools/bin/../lib/gcc/arm-none-eabi/11.3.1/../../../../arm-none-eabi/lib/thumb/v7e-m+dp/hard\libc_nano.a(libc_a-nano-svfprintf.o)
 .rodata._setlocale_r.str1.1
                0x0000000008009d1d        0x8 C:/ST/STM32CubeIDE_1.13.0/STM32CubeIDE/plugins/com.st.stm32cube.ide.mcu.externaltools.gnu-tools-for-stm32.11.3.rel1.win32_1.1.0.202305231506/tools/bin/../lib/gcc/arm-none-eabi/11.3.1/../../../../arm-none-eabi/lib/thumb/v7e-m+dp/hard\libc_nano.a(libc_a-locale.o)
                                          0x9 (size before relaxing)
 .rodata.str1.1
                0x0000000008009d25        0x2 C:/ST/STM32CubeIDE_1.13.0/STM32CubeIDE/plugins/com.st.stm32cube.ide.mcu.externaltools.gnu-tools-for-stm32.11.3.rel1.win32_1.1.0.202305231506/tools/bin/../lib/gcc/arm-none-eabi/11.3.1/../../../../arm-none-eabi/lib/thumb/v7e-m+dp/hard\libc_nano.a(libc_a-locale.o)
 .rodata.__assert_func.str1.1
                0x0000000008009d27       0x3c C:/ST/STM32CubeIDE_1.13.0/STM32CubeIDE/plugins/com.st.stm32cube.ide.mcu.externaltools.gnu-tools-for-stm32.11.3.rel1.win32_1.1.0.202305231506/tools/bin/../lib/gcc/arm-none-eabi/11.3.1/../../../../arm-none-eabi/lib/thumb/v7e-m+dp/hard\libc_nano.a(libc_a-assert.o)
                                         0x3d (size before relaxing)
 .rodata._ctype_
                0x0000000008009d63      0x101 C:/ST/STM32CubeIDE_1.13.0/STM32CubeIDE/plugins/com.st.stm32cube.ide.mcu.externaltools.gnu-tools-for-stm32.11.3.rel1.win32_1.1.0.202305231506/tools/bin/../lib/gcc/arm-none-eabi/11.3.1/../../../../arm-none-eabi/lib/thumb/v7e-m+dp/hard\libc_nano.a(libc_a-ctype_.o)
                0x0000000008009d63                _ctype_
 .rodata._vfprintf_r.str1.1
                0x0000000008009e64       0x11 C:/ST/STM32CubeIDE_1.13.0/STM32CubeIDE/plugins/com.st.stm32cube.ide.mcu.externaltools.gnu-tools-for-stm32.11.3.rel1.win32_1.1.0.202305231506/tools/bin/../lib/gcc/arm-none-eabi/11.3.1/../../../../arm-none-eabi/lib/thumb/v7e-m+dp/hard\libc_nano.a(libc_a-nano-vfprintf.o)
                0x0000000008009e78                . = ALIGN (0x4)

.ARM.extab      0x0000000008009e64        0x0
                0x0000000008009e64                . = ALIGN (0x4)
 *(.ARM.extab* .gnu.linkonce.armextab.*)
                0x0000000008009e64                . = ALIGN (0x4)

.ARM            0x0000000008009e64        0x8
                0x0000000008009e64                . = ALIGN (0x4)
                0x0000000008009e64                __exidx_start = .
 *(.ARM.exidx*)
 .ARM.exidx     0x0000000008009e64        0x8 C:/ST/STM32CubeIDE_1.13.0/STM32CubeIDE/plugins/com.st.stm32cube.ide.mcu.externaltools.gnu-tools-for-stm32.11.3.rel1.win32_1.1.0.202305231506/tools/bin/../lib/gcc/arm-none-eabi/11.3.1/thumb/v7e-m+dp/hard\libgcc.a(_udivmoddi4.o)
                0x0000000008009e6c                __exidx_end = .
                0x0000000008009e6c                . = ALIGN (0x4)

.rel.dyn        0x0000000008009e6c        0x0
 .rel.iplt      0x0000000008009e6c        0x0 C:/ST/STM32CubeIDE_1.13.0/STM32CubeIDE/plugins/com.st.stm32cube.ide.mcu.externaltools.gnu-tools-for-stm32.11.3.rel1.win32_1.1.0.202305231506/tools/bin/../lib/gcc/arm-none-eabi/11.3.1/thumb/v7e-m+dp/hard/crtbegin.o

.preinit_array  0x0000000008009e6c        0x0
                0x0000000008009e6c                . = ALIGN (0x4)
                0x0000000008009e6c                PROVIDE (__preinit_array_start = .)
 *(.preinit_array*)
                0x0000000008009e6c                PROVIDE (__preinit_array_end = .)
                0x0000000008009e6c                . = ALIGN (0x4)

.init_array     0x0000000008009e6c        0x4
                0x0000000008009e6c                . = ALIGN (0x4)
                0x0000000008009e6c                PROVIDE (__init_array_start = .)
 *(SORT_BY_NAME(.init_array.*))
 *(.init_array*)
 .init_array    0x0000000008009e6c        0x4 C:/ST/STM32CubeIDE_1.13.0/STM32CubeIDE/plugins/com.st.stm32cube.ide.mcu.externaltools.gnu-tools-for-stm32.11.3.rel1.win32_1.1.0.202305231506/tools/bin/../lib/gcc/arm-none-eabi/11.3.1/thumb/v7e-m+dp/hard/crtbegin.o
                0x0000000008009e70                PROVIDE (__init_array_end = .)
                0x0000000008009e70                . = ALIGN (0x4)

.fini_array     0x0000000008009e70        0x4
                0x0000000008009e70                . = ALIGN (0x4)
                [!provide]                        PROVIDE (__fini_array_start = .)
 *(SORT_BY_NAME(.fini_array.*))
 *(.fini_array*)
 .fini_array    0x0000000008009e70        0x4 C:/ST/STM32CubeIDE_1.13.0/STM32CubeIDE/plugins/com.st.stm32cube.ide.mcu.externaltools.gnu-tools-for-stm32.11.3.rel1.win32_1.1.0.202305231506/tools/bin/../lib/gcc/arm-none-eabi/11.3.1/thumb/v7e-m+dp/hard/crtbegin.o
                [!provide]                        PROVIDE (__fini_array_end = .)
                0x0000000008009e74                . = ALIGN (0x4)
                0x0000000008009e74                _sidata = LOADADDR (.data)

.data           0x0000000020000000      0x22c load address 0x0000000008009e74
                0x0000000020000000                . = ALIGN (0x4)
                0x0000000020000000                _sdata = .
 *(.data)
 *(.data*)
 .data.isplaying
                0x0000000020000000        0x4 ./Core/Src/DFPLAYER_MINI.o
                0x0000000020000000                isplaying
 .data.screen   0x0000000020000004        0x1 ./Core/Src/main.o
                0x0000000020000004                screen
 *fill*         0x0000000020000005        0x3 
 .data.day      0x0000000020000008       0x1c ./Core/Src/main.o
                0x0000000020000008                day
 .data.months   0x0000000020000024       0x30 ./Core/Src/main.o
                0x0000000020000024                months
 .data.SystemCoreClock
                0x0000000020000054        0x4 ./Core/Src/system_stm32f7xx.o
                0x0000000020000054                SystemCoreClock
 .data.LCD_HEIGHT
                0x0000000020000058        0x2 ./Drivers/ILI9341/ILI9341_STM32_Driver.o
                0x0000000020000058                LCD_HEIGHT
 .data.LCD_WIDTH
                0x000000002000005a        0x2 ./Drivers/ILI9341/ILI9341_STM32_Driver.o
                0x000000002000005a                LCD_WIDTH
 .data.uwTickPrio
                0x000000002000005c        0x4 ./Drivers/STM32F7xx_HAL_Driver/Src/stm32f7xx_hal.o
                0x000000002000005c                uwTickPrio
 .data.uwTickFreq
                0x0000000020000060        0x1 ./Drivers/STM32F7xx_HAL_Driver/Src/stm32f7xx_hal.o
                0x0000000020000060                uwTickFreq
 *fill*         0x0000000020000061        0x3 
 .data.__sglue  0x0000000020000064        0xc C:/ST/STM32CubeIDE_1.13.0/STM32CubeIDE/plugins/com.st.stm32cube.ide.mcu.externaltools.gnu-tools-for-stm32.11.3.rel1.win32_1.1.0.202305231506/tools/bin/../lib/gcc/arm-none-eabi/11.3.1/../../../../arm-none-eabi/lib/thumb/v7e-m+dp/hard\libc_nano.a(libc_a-findfp.o)
                0x0000000020000064                __sglue
 .data._impure_data
                0x0000000020000070       0x4c C:/ST/STM32CubeIDE_1.13.0/STM32CubeIDE/plugins/com.st.stm32cube.ide.mcu.externaltools.gnu-tools-for-stm32.11.3.rel1.win32_1.1.0.202305231506/tools/bin/../lib/gcc/arm-none-eabi/11.3.1/../../../../arm-none-eabi/lib/thumb/v7e-m+dp/hard\libc_nano.a(libc_a-impure.o)
                0x0000000020000070                _impure_data
 .data._impure_ptr
                0x00000000200000bc        0x4 C:/ST/STM32CubeIDE_1.13.0/STM32CubeIDE/plugins/com.st.stm32cube.ide.mcu.externaltools.gnu-tools-for-stm32.11.3.rel1.win32_1.1.0.202305231506/tools/bin/../lib/gcc/arm-none-eabi/11.3.1/../../../../arm-none-eabi/lib/thumb/v7e-m+dp/hard\libc_nano.a(libc_a-impure.o)
                0x00000000200000bc                _impure_ptr
 .data.__global_locale
                0x00000000200000c0      0x16c C:/ST/STM32CubeIDE_1.13.0/STM32CubeIDE/plugins/com.st.stm32cube.ide.mcu.externaltools.gnu-tools-for-stm32.11.3.rel1.win32_1.1.0.202305231506/tools/bin/../lib/gcc/arm-none-eabi/11.3.1/../../../../arm-none-eabi/lib/thumb/v7e-m+dp/hard\libc_nano.a(libc_a-locale.o)
                0x00000000200000c0                __global_locale
 *(.RamFunc)
 *(.RamFunc*)
                0x000000002000022c                . = ALIGN (0x4)
                0x000000002000022c                _edata = .

.igot.plt       0x000000002000022c        0x0 load address 0x000000000800a0a0
 .igot.plt      0x000000002000022c        0x0 C:/ST/STM32CubeIDE_1.13.0/STM32CubeIDE/plugins/com.st.stm32cube.ide.mcu.externaltools.gnu-tools-for-stm32.11.3.rel1.win32_1.1.0.202305231506/tools/bin/../lib/gcc/arm-none-eabi/11.3.1/thumb/v7e-m+dp/hard/crtbegin.o
                0x000000002000022c                . = ALIGN (0x4)

.bss            0x000000002000022c      0x4b0 load address 0x000000000800a0a0
                0x000000002000022c                _sbss = .
                0x000000002000022c                __bss_start__ = _sbss
 *(.bss)
 .bss           0x000000002000022c       0x1c C:/ST/STM32CubeIDE_1.13.0/STM32CubeIDE/plugins/com.st.stm32cube.ide.mcu.externaltools.gnu-tools-for-stm32.11.3.rel1.win32_1.1.0.202305231506/tools/bin/../lib/gcc/arm-none-eabi/11.3.1/thumb/v7e-m+dp/hard/crtbegin.o
 *(.bss*)
 .bss.ispause   0x0000000020000248        0x4 ./Core/Src/DFPLAYER_MINI.o
                0x0000000020000248                ispause
 .bss._ds3231_ui2c
                0x000000002000024c        0x4 ./Core/Src/ds3231_for_stm32_hal.o
                0x000000002000024c                _ds3231_ui2c
 .bss.hi2c1     0x0000000020000250       0x54 ./Core/Src/i2c.o
                0x0000000020000250                hi2c1
 .bss.hi2c4     0x00000000200002a4       0x54 ./Core/Src/i2c.o
                0x00000000200002a4                hi2c4
 .bss.count     0x00000000200002f8        0x4 ./Core/Src/main.o
                0x00000000200002f8                count
 .bss.starttime
                0x00000000200002fc        0x4 ./Core/Src/main.o
                0x00000000200002fc                starttime
 .bss.alarmtime
                0x0000000020000300        0x4 ./Core/Src/main.o
                0x0000000020000300                alarmtime
 .bss.sec       0x0000000020000304        0x1 ./Core/Src/main.o
                0x0000000020000304                sec
 .bss.min       0x0000000020000305        0x1 ./Core/Src/main.o
                0x0000000020000305                min
 .bss.hur       0x0000000020000306        0x1 ./Core/Src/main.o
                0x0000000020000306                hur
 .bss.dow       0x0000000020000307        0x1 ./Core/Src/main.o
                0x0000000020000307                dow
 .bss.date      0x0000000020000308        0x1 ./Core/Src/main.o
                0x0000000020000308                date
 .bss.month     0x0000000020000309        0x1 ./Core/Src/main.o
                0x0000000020000309                month
 *fill*         0x000000002000030a        0x2 
 .bss.year      0x000000002000030c        0x4 ./Core/Src/main.o
                0x000000002000030c                year
 .bss.alarmtrigger
                0x0000000020000310        0x4 ./Core/Src/main.o
                0x0000000020000310                alarmtrigger
 .bss.temp      0x0000000020000314        0x4 ./Core/Src/main.o
                0x0000000020000314                temp
 .bss.RH        0x0000000020000318        0x4 ./Core/Src/main.o
                0x0000000020000318                RH
 .bss.cmdBuffer
                0x000000002000031c        0x3 ./Core/Src/main.o
                0x000000002000031c                cmdBuffer
 *fill*         0x000000002000031f        0x1 
 .bss.dataBuffer
                0x0000000020000320        0x8 ./Core/Src/main.o
                0x0000000020000320                dataBuffer
 .bss.strS      0x0000000020000328        0x1 ./Core/Src/main.o
                0x0000000020000328                strS
 *fill*         0x0000000020000329        0x3 
 .bss.strM      0x000000002000032c        0x1 ./Core/Src/main.o
                0x000000002000032c                strM
 *fill*         0x000000002000032d        0x3 
 .bss.strH      0x0000000020000330        0x1 ./Core/Src/main.o
                0x0000000020000330                strH
 *fill*         0x0000000020000331        0x3 
 .bss.timedate  0x0000000020000334       0x32 ./Core/Src/main.o
                0x0000000020000334                timedate
 *fill*         0x0000000020000366        0x2 
 .bss.strsensor
                0x0000000020000368        0x1 ./Core/Src/main.o
                0x0000000020000368                strsensor
 *fill*         0x0000000020000369        0x3 
 .bss.hrng      0x000000002000036c       0x10 ./Core/Src/rng.o
                0x000000002000036c                hrng
 .bss.hspi5     0x000000002000037c       0x64 ./Core/Src/spi.o
                0x000000002000037c                hspi5
 .bss.__sbrk_heap_end
                0x00000000200003e0        0x4 ./Core/Src/sysmem.o
 .bss.htim1     0x00000000200003e4       0x4c ./Core/Src/tim.o
                0x00000000200003e4                htim1
 .bss.htim2     0x0000000020000430       0x4c ./Core/Src/tim.o
                0x0000000020000430                htim2
 .bss.huart3    0x000000002000047c       0x88 ./Core/Src/usart.o
                0x000000002000047c                huart3
 .bss.huart6    0x0000000020000504       0x88 ./Core/Src/usart.o
                0x0000000020000504                huart6
 .bss.uwTick    0x000000002000058c        0x4 ./Drivers/STM32F7xx_HAL_Driver/Src/stm32f7xx_hal.o
                0x000000002000058c                uwTick
 .bss.__sf      0x0000000020000590      0x138 C:/ST/STM32CubeIDE_1.13.0/STM32CubeIDE/plugins/com.st.stm32cube.ide.mcu.externaltools.gnu-tools-for-stm32.11.3.rel1.win32_1.1.0.202305231506/tools/bin/../lib/gcc/arm-none-eabi/11.3.1/../../../../arm-none-eabi/lib/thumb/v7e-m+dp/hard\libc_nano.a(libc_a-findfp.o)
                0x0000000020000590                __sf
 .bss.__stdio_exit_handler
                0x00000000200006c8        0x4 C:/ST/STM32CubeIDE_1.13.0/STM32CubeIDE/plugins/com.st.stm32cube.ide.mcu.externaltools.gnu-tools-for-stm32.11.3.rel1.win32_1.1.0.202305231506/tools/bin/../lib/gcc/arm-none-eabi/11.3.1/../../../../arm-none-eabi/lib/thumb/v7e-m+dp/hard\libc_nano.a(libc_a-findfp.o)
                0x00000000200006c8                __stdio_exit_handler
 .bss.errno     0x00000000200006cc        0x4 C:/ST/STM32CubeIDE_1.13.0/STM32CubeIDE/plugins/com.st.stm32cube.ide.mcu.externaltools.gnu-tools-for-stm32.11.3.rel1.win32_1.1.0.202305231506/tools/bin/../lib/gcc/arm-none-eabi/11.3.1/../../../../arm-none-eabi/lib/thumb/v7e-m+dp/hard\libc_nano.a(libc_a-reent.o)
                0x00000000200006cc                errno