../Drivers/CMSIS/Include/core_cm7.h:2229:22:SCB_EnableICache	4	static,ignoring_inline_asm
../Drivers/CMSIS/Include/core_cm7.h:2281:22:SCB_EnableDCache	24	static,ignoring_inline_asm
../Core/Src/main.c:116:5:main	16	static,ignoring_inline_asm
../Core/Src/main.c:231:6:SystemClock_Config	88	static
../Core/Src/main.c:285:10:CRC16_2	24	static
../Core/Src/main.c:306:6:updateSensor	24	static
../Core/Src/main.c:332:6:alarm	16	static
../Core/Src/main.c:336:7:updateT	8	static
../Core/Src/main.c:346:7:showT	16	static
../Core/Src/main.c:379:6:Error_Handler	4	static
